{
    "preproc_t1_option": {
        "content": [
            {
                "0": [
                    [
                        {
                            "id": "test",
                            "single_end": false
                        },
                        "test_denoised.nii.gz:md5,ba910fdd1c9cc8f3d1c98b24dde522ef"
                    ]
                ],
                "1": [
                    [
                        {
                            "id": "test",
                            "single_end": false
                        },
                        "test__image_n4.nii.gz:md5,c160137c26b8b11402f463227ee28d6e"
                    ]
                ],
                "2": [
                    [
                        {
                            "id": "test",
                            "single_end": false
                        },
                        "test_resampled.nii.gz:md5,06e452615bb075f5f3a5a80c220707f3"
                    ]
                ],
                "3": [
                    [
                        {
                            "id": "test",
                            "single_end": false
                        },
                        "test__t1_bet.nii.gz:md5,93b0d252e8885d8d939e747d5fe6d0a7"
                    ]
                ],
                "4": [
                    [
                        {
                            "id": "test",
                            "single_end": false
                        },
                        "test__t1_bet_mask.nii.gz:md5,fb6c01740be1bbe81d4142719f0a3f50"
                    ]
                ],
                "5": [
                    [
                        {
                            "id": "test",
                            "single_end": false
                        },
                        "test_t1_cropped_bbox.pkl:md5,56a715cd7f758999c586145c95c385e4"
                    ]
                ],
                "6": [
                    [
                        {
                            "id": "test",
                            "single_end": false
                        },
                        "test_cropped.nii.gz:md5,67fb0c639d0369d4530913bb97ef709c"
                    ]
                ],
                "7": [
                    [
                        {
                            "id": "test",
                            "single_end": false
                        },
                        "test_t1_cropped.nii.gz:md5,18454290250b0a5941b9949b9e92dc66"
                    ]
                ],
                "8": [
                    "versions.yml:md5,209daf2d60de195845dedbdf80c98afd",
                    "versions.yml:md5,2c0a6f978891003ebdf35c1ba060aa90",
                    "versions.yml:md5,6aecd5fc2de479eaa81fb30b248c647c",
                    "versions.yml:md5,97b6b9457caf964b9f20549672f692f0",
                    "versions.yml:md5,b979132991d8f72a3585465533bd5730",
                    "versions.yml:md5,c6563545d67d7ab20ad849adcaafcb71"
                ],
                "crop_box": [
                    [
                        {
                            "id": "test",
                            "single_end": false
                        },
                        "test_t1_cropped_bbox.pkl:md5,56a715cd7f758999c586145c95c385e4"
                    ]
                ],
                "image_N4": [
                    [
                        {
                            "id": "test",
                            "single_end": false
                        },
                        "test__image_n4.nii.gz:md5,c160137c26b8b11402f463227ee28d6e"
                    ]
                ],
                "image_bet": [
                    [
                        {
                            "id": "test",
                            "single_end": false
                        },
                        "test__t1_bet.nii.gz:md5,93b0d252e8885d8d939e747d5fe6d0a7"
                    ]
                ],
                "image_nlmeans": [
                    [
                        {
                            "id": "test",
                            "single_end": false
                        },
                        "test_denoised.nii.gz:md5,ba910fdd1c9cc8f3d1c98b24dde522ef"
                    ]
                ],
                "image_resample": [
                    [
                        {
                            "id": "test",
                            "single_end": false
                        },
                        "test_resampled.nii.gz:md5,06e452615bb075f5f3a5a80c220707f3"
                    ]
                ],
                "mask_bet": [
                    [
                        {
                            "id": "test",
                            "single_end": false
                        },
                        "test__t1_bet_mask.nii.gz:md5,fb6c01740be1bbe81d4142719f0a3f50"
                    ]
                ],
                "mask_final": [
                    [
                        {
                            "id": "test",
                            "single_end": false
                        },
                        "test_cropped.nii.gz:md5,67fb0c639d0369d4530913bb97ef709c"
                    ]
                ],
                "t1_final": [
                    [
                        {
                            "id": "test",
                            "single_end": false
                        },
                        "test_t1_cropped.nii.gz:md5,18454290250b0a5941b9949b9e92dc66"
                    ]
                ],
                "versions": [
                    "versions.yml:md5,209daf2d60de195845dedbdf80c98afd",
                    "versions.yml:md5,2c0a6f978891003ebdf35c1ba060aa90",
                    "versions.yml:md5,6aecd5fc2de479eaa81fb30b248c647c",
                    "versions.yml:md5,97b6b9457caf964b9f20549672f692f0",
                    "versions.yml:md5,b979132991d8f72a3585465533bd5730",
                    "versions.yml:md5,c6563545d67d7ab20ad849adcaafcb71"
                ]
            }
        ],
        "meta": {
            "nf-test": "0.9.0-rc1",
            "nextflow": "24.04.2"
        },
        "timestamp": "2024-06-21T01:37:51.279144"
    },
    "preproc_t1_classic": {
        "content": [
            {
                "0": [
                    [
                        {
                            "id": "test",
                            "single_end": false
                        },
                        "test_denoised.nii.gz:md5,b6d25b37b1101fea5c77bbbc711757c3"
                    ]
                ],
                "1": [
                    [
                        {
                            "id": "test",
                            "single_end": false
                        },
                        "test__image_n4.nii.gz:md5,22f8703764e0faa5acdb97e5ca28f060"
                    ]
                ],
                "2": [
                    [
                        {
                            "id": "test",
                            "single_end": false
                        },
                        "test_resampled.nii.gz:md5,e4220a9c0ff443b98e1c492b00d57031"
                    ]
                ],
                "3": [
                    [
                        {
                            "id": "test",
                            "single_end": false
                        },
                        "test__t1_bet.nii.gz:md5,c09879d6ea63f7bacf2a8c9820d95f0a"
                    ]
                ],
                "4": [
                    [
                        {
                            "id": "test",
                            "single_end": false
                        },
                        "test__t1_bet_mask.nii.gz:md5,807b6cdb41a8b53ba8f8de44b1fd36f9"
                    ]
                ],
                "5": [
                    [
                        {
                            "id": "test",
                            "single_end": false
                        },
                        "test_t1_cropped_bbox.pkl:md5,ef8174257c4db4009e18dfb082a784e1"
                    ]
                ],
                "6": [
                    [
                        {
                            "id": "test",
                            "single_end": false
                        },
                        "test_cropped.nii.gz:md5,9c2cbf03b77336166e3e3eb820808e93"
                    ]
                ],
                "7": [
                    [
                        {
                            "id": "test",
                            "single_end": false
                        },
                        "test_t1_cropped.nii.gz:md5,505134ee3ab95dcbe0fdf787771c1402"
                    ]
                ],
                "8": [
                    "versions.yml:md5,209daf2d60de195845dedbdf80c98afd",
                    "versions.yml:md5,2c0a6f978891003ebdf35c1ba060aa90",
                    "versions.yml:md5,6aecd5fc2de479eaa81fb30b248c647c",
                    "versions.yml:md5,97b6b9457caf964b9f20549672f692f0",
                    "versions.yml:md5,b979132991d8f72a3585465533bd5730",
                    "versions.yml:md5,c6563545d67d7ab20ad849adcaafcb71"
                ],
                "crop_box": [
                    [
                        {
                            "id": "test",
                            "single_end": false
                        },
                        "test_t1_cropped_bbox.pkl:md5,ef8174257c4db4009e18dfb082a784e1"
                    ]
                ],
                "image_N4": [
                    [
                        {
                            "id": "test",
                            "single_end": false
                        },
                        "test__image_n4.nii.gz:md5,22f8703764e0faa5acdb97e5ca28f060"
                    ]
                ],
                "image_bet": [
                    [
                        {
                            "id": "test",
                            "single_end": false
                        },
                        "test__t1_bet.nii.gz:md5,c09879d6ea63f7bacf2a8c9820d95f0a"
                    ]
                ],
                "image_nlmeans": [
                    [
                        {
                            "id": "test",
                            "single_end": false
                        },
                        "test_denoised.nii.gz:md5,b6d25b37b1101fea5c77bbbc711757c3"
                    ]
                ],
                "image_resample": [
                    [
                        {
                            "id": "test",
                            "single_end": false
                        },
                        "test_resampled.nii.gz:md5,e4220a9c0ff443b98e1c492b00d57031"
                    ]
                ],
                "mask_bet": [
                    [
                        {
                            "id": "test",
                            "single_end": false
                        },
                        "test__t1_bet_mask.nii.gz:md5,807b6cdb41a8b53ba8f8de44b1fd36f9"
                    ]
                ],
                "mask_final": [
                    [
                        {
                            "id": "test",
                            "single_end": false
                        },
                        "test_cropped.nii.gz:md5,9c2cbf03b77336166e3e3eb820808e93"
                    ]
                ],
                "t1_final": [
                    [
                        {
                            "id": "test",
                            "single_end": false
                        },
                        "test_t1_cropped.nii.gz:md5,505134ee3ab95dcbe0fdf787771c1402"
                    ]
                ],
                "versions": [
                    "versions.yml:md5,209daf2d60de195845dedbdf80c98afd",
                    "versions.yml:md5,2c0a6f978891003ebdf35c1ba060aa90",
                    "versions.yml:md5,6aecd5fc2de479eaa81fb30b248c647c",
                    "versions.yml:md5,97b6b9457caf964b9f20549672f692f0",
                    "versions.yml:md5,b979132991d8f72a3585465533bd5730",
                    "versions.yml:md5,c6563545d67d7ab20ad849adcaafcb71"
                ]
            }
        ],
        "meta": {
            "nf-test": "0.9.0-rc1",
            "nextflow": "24.04.2"
        },
        "timestamp": "2024-06-22T00:07:42.03345"
    }
}