{
    "betcrop - antsbet": {
        "content": [
            {
                "0": [
                    [
                        {
                            "id": "test"
                        },
                        "test__t1_bet.nii.gz:md5,fd07e75d77b8844ebde0de5dc2195cd2"
                    ]
                ],
                "1": [
                    [
                        {
                            "id": "test"
                        },
                        "test__t1_bet_mask.nii.gz:md5,add51bfdfc249738f3431999fa8dd08b"
                    ]
                ],
                "2": [
                    "versions.yml:md5,e7d67d24efb0a133d53537fed65516de"
                ],
                "mask": [
                    [
                        {
                            "id": "test"
                        },
                        "test__t1_bet_mask.nii.gz:md5,add51bfdfc249738f3431999fa8dd08b"
                    ]
                ],
                "t1": [
                    [
                        {
                            "id": "test"
                        },
                        "test__t1_bet.nii.gz:md5,fd07e75d77b8844ebde0de5dc2195cd2"
                    ]
                ],
                "versions": [
                    "versions.yml:md5,e7d67d24efb0a133d53537fed65516de"
                ]
            }
        ],
        "meta": {
            "nf-test": "0.9.0-rc1",
            "nextflow": "24.04.2"
        },
        "timestamp": "2024-08-01T04:15:42.462954"
    }
}