{
    "betcrop - antsbet": {
        "content": [
            {
                "0": [
                    [
                        {
                            "id": "test"
                        },
                        "test__t1_bet.nii.gz:md5,7e123ce5b3485dcf59189626b372a998"
                    ]
                ],
                "1": [
                    [
                        {
                            "id": "test"
                        },
                        "test__t1_bet_mask.nii.gz:md5,d19f11a798ced79cc8d1e0cb5fc6294b"
                    ]
                ],
                "2": [
                    "versions.yml:md5,e7d67d24efb0a133d53537fed65516de"
                ],
                "mask": [
                    [
                        {
                            "id": "test"
                        },
                        "test__t1_bet_mask.nii.gz:md5,d19f11a798ced79cc8d1e0cb5fc6294b"
                    ]
                ],
                "t1": [
                    [
                        {
                            "id": "test"
                        },
                        "test__t1_bet.nii.gz:md5,7e123ce5b3485dcf59189626b372a998"
                    ]
                ],
                "versions": [
                    "versions.yml:md5,e7d67d24efb0a133d53537fed65516de"
                ]
            }
        ],
        "meta": {
            "nf-test": "0.9.0-rc1",
            "nextflow": "24.04.2"
        },
        "timestamp": "2024-08-01T04:39:54.352166"
    }
}