{
    "eddy": {
        "content": [
            "9661e938fb401b34ff83c1d2ce9ca284",
            [
                [
                    {
                        "id": "test",
                        "single_end": false
                    },
                    "test__bval_eddy:md5,4c61c53078316c31b4d5daf446a3d6ac"
                ]
            ],
            "test__dwi_eddy_corrected.bvec",
            "a0748933b27efa6ee6e695afc6b4c790",
            [
                "versions.yml:md5,137e3ce0fd25e5b16de2d8cc5a5aefca"
            ]
        ],
        "meta": {
            "nf-test": "0.8.4",
            "nextflow": "24.04.2"
        },
        "timestamp": "2024-06-19T16:07:38.295401"
    }
}