{
    "eddy": {
        "content": [
            "test__dwi_corrected.nii.gz",
            [
                [
                    {
                        "id": "test",
                        "single_end": false
                    },
                    "test__bval_eddy:md5,7995daabbd74fcf7c365a39a779f67e9"
                ]
            ],
            "test__dwi_eddy_corrected.bvec",
            [
                [
                    {
                        "id": "test",
                        "single_end": false
                    },
                    "test__b0_bet_mask.nii.gz:md5,f7593774c048491bbe1e08ad43077301"
                ]
            ],
            [
                "versions.yml:md5,2162950d257422ffda17cc7ac676c81d"
            ]
        ],
        "meta": {
            "nf-test": "0.9.0-rc1",
            "nextflow": "24.04.2"
        },
        "timestamp": "2024-07-04T18:30:02.443274"
    }
}
