{
    "preproc - n4 - dwi": {
        "content": [
            {
                "0": [
                    [
                        {
                            "id": "test",
                            "single_end": false
                        },
                        "test__image_n4.nii.gz:md5,e4273f0d050e7e07f5e2faba58a2d81f"
                    ]
                ],
                "1": [
                    "versions.yml:md5,08cced153fb00b483f3a59216e05aaff"
                ],
                "image": [
                    [
                        {
                            "id": "test",
                            "single_end": false
                        },
                        "test__image_n4.nii.gz:md5,e4273f0d050e7e07f5e2faba58a2d81f"
                    ]
                ],
                "versions": [
                    "versions.yml:md5,08cced153fb00b483f3a59216e05aaff"
                ]
            }
        ],
        "meta": {
            "nf-test": "0.9.0-rc1",
            "nextflow": "24.04.2"
        },
        "timestamp": "2024-06-24T05:34:20.913937"
    },
    "preproc - n4 - anat": {
        "content": [
            {
                "0": [
                    [
                        {
                            "id": "test",
                            "single_end": false
                        },
                        "test__image_n4.nii.gz:md5,21ce6ff7fb39916b049fbc74618da762"
                    ]
                ],
                "1": [
                    "versions.yml:md5,08cced153fb00b483f3a59216e05aaff"
                ],
                "image": [
                    [
                        {
                            "id": "test",
                            "single_end": false
                        },
                        "test__image_n4.nii.gz:md5,21ce6ff7fb39916b049fbc74618da762"
                    ]
                ],
                "versions": [
                    "versions.yml:md5,08cced153fb00b483f3a59216e05aaff"
                ]
            }
        ],
        "meta": {
            "nf-test": "0.9.0-rc1",
            "nextflow": "24.04.2"
        },
        "timestamp": "2024-06-24T05:41:11.664344"
    }
}