{
    "reconst - noddi - extract_metrics": {
        "content": [
            "test__fit_dir.nii.gz",
            "test__fit_FWF.nii.gz",
            "test__fit_NDI.nii.gz",
            "test__fit_ECVF.nii.gz",
            "test__fit_ODI.nii.gz",
            [
                "versions.yml:md5,7d60348ede01d2f9bd3a2fe9da61741d"
            ],
            114
        ],
        "meta": {
            "nf-test": "0.8.4",
            "nextflow": "23.10.1"
        },
        "timestamp": "2024-05-21T15:00:54.163407"
    },
    "reconst - noddi - save_kernels - no mask": {
        "content": [
            [
                "versions.yml:md5,7d60348ede01d2f9bd3a2fe9da61741d"
            ],
            114
        ],
        "meta": {
            "nf-test": "0.8.4",
            "nextflow": "23.10.1"
        },
        "timestamp": "2024-05-21T14:57:35.955489"
    }
}