{
    "reconst - noddi - no mask": {
        "content": [
            {
                "0": [
                    
                ],
                "1": [
                    
                ],
                "2": [
                    
                ],
                "3": [
                    
                ],
                "4": [
                    
                ],
                "5": [
                    
                ],
                "6": [
                    
                ],
                "dir": [
                    
                ],
                "ecvf": [
                    
                ],
                "icvf": [
                    
                ],
                "isovf": [
                    
                ],
                "kernels": [
                    
                ],
                "od": [
                    
                ],
                "versions": [
                    
                ]
            }
        ],
        "meta": {
            "nf-test": "0.8.4",
            "nextflow": "23.10.1"
        },
        "timestamp": "2024-05-14T21:52:22.489294"
    },
    "reconst - noddi - save_kernels": {
        "content": [
            {
                "0": [
                    
                ],
                "1": [
                    
                ],
                "2": [
                    
                ],
                "3": [
                    
                ],
                "4": [
                    
                ],
                "5": [
                    
                ],
                "6": [
                    
                ],
                "dir": [
                    
                ],
                "ecvf": [
                    
                ],
                "icvf": [
                    
                ],
                "isovf": [
                    
                ],
                "kernels": [
                    
                ],
                "od": [
                    
                ],
                "versions": [
                    
                ]
            }
        ],
        "meta": {
            "nf-test": "0.8.4",
            "nextflow": "23.10.1"
        },
        "timestamp": "2024-05-14T21:51:53.918671"
    }
}