{
    "reconst - meanfrf": {
        "content": [
            {
                "0": [
                    
                ],
                "1": [
                    
                ],
                "meanfrf": [
                    
                ],
                "versions": [
                    
                ]
            }
        ],
        "meta": {
            "nf-test": "0.8.4",
            "nextflow": "23.10.1"
        },
        "timestamp": "2024-05-13T20:33:35.3028"
    }
}