{
    "utils - extractb0 - mean": {
        "content": [
            {
                "0": [
                    [
                        {
                            "id": "test",
                            "single_end": false
                        },
                        "test_b0.nii.gz:md5,91288914a80e7866ef8b08a363d617f9"
                    ]
                ],
                "1": [
                    "versions.yml:md5,58bfedf8b4d7f446804d34e20a41119a"
                ],
                "b0": [
                    [
                        {
                            "id": "test",
                            "single_end": false
                        },
                        "test_b0.nii.gz:md5,91288914a80e7866ef8b08a363d617f9"
                    ]
                ],
                "versions": [
                    "versions.yml:md5,58bfedf8b4d7f446804d34e20a41119a"
                ]
            }
        ],
        "meta": {
            "nf-test": "0.8.4",
            "nextflow": "24.04.1"
        },
        "timestamp": "2024-05-22T18:18:09.474307"
    },
    "utils - extractb0 - all4d": {
        "content": [
            {
                "0": [
                    [
                        {
                            "id": "test",
                            "single_end": false
                        },
                        "test_b0.nii.gz:md5,2066111f2b964735a168d6c653ba1a8b"
                    ]
                ],
                "1": [
                    "versions.yml:md5,58bfedf8b4d7f446804d34e20a41119a"
                ],
                "b0": [
                    [
                        {
                            "id": "test",
                            "single_end": false
                        },
                        "test_b0.nii.gz:md5,2066111f2b964735a168d6c653ba1a8b"
                    ]
                ],
                "versions": [
                    "versions.yml:md5,58bfedf8b4d7f446804d34e20a41119a"
                ]
            }
        ],
        "meta": {
            "nf-test": "0.8.4",
            "nextflow": "24.04.1"
        },
        "timestamp": "2024-05-22T18:17:23.503338"
    },
    "utils - extractb0": {
        "content": [
            {
                "0": [
                    [
                        {
                            "id": "test",
                            "single_end": false
                        },
                        "test_b0.nii.gz:md5,91288914a80e7866ef8b08a363d617f9"
                    ]
                ],
                "1": [
                    "versions.yml:md5,58bfedf8b4d7f446804d34e20a41119a"
                ],
                "b0": [
                    [
                        {
                            "id": "test",
                            "single_end": false
                        },
                        "test_b0.nii.gz:md5,91288914a80e7866ef8b08a363d617f9"
                    ]
                ],
                "versions": [
                    "versions.yml:md5,58bfedf8b4d7f446804d34e20a41119a"
                ]
            }
        ],
        "meta": {
            "nf-test": "0.8.4",
            "nextflow": "24.04.1"
        },
        "timestamp": "2024-05-22T18:17:12.270123"
    },
    "utils - extractb0 - clustermean": {
        "content": [
            {
                "0": [
                    [
                        {
                            "id": "test",
                            "single_end": false
                        },
                        "test_b0.nii.gz:md5,feb9010e5b72fc6f0c814f9dd54cb710"
                    ]
                ],
                "1": [
                    "versions.yml:md5,58bfedf8b4d7f446804d34e20a41119a"
                ],
                "b0": [
                    [
                        {
                            "id": "test",
                            "single_end": false
                        },
                        "test_b0.nii.gz:md5,feb9010e5b72fc6f0c814f9dd54cb710"
                    ]
                ],
                "versions": [
                    "versions.yml:md5,58bfedf8b4d7f446804d34e20a41119a"
                ]
            }
        ],
        "meta": {
            "nf-test": "0.8.4",
            "nextflow": "24.04.1"
        },
        "timestamp": "2024-05-22T18:17:59.90325"
    },
    "utils - extractb0 - clusterfirst": {
        "content": [
            {
                "0": [
                    [
                        {
                            "id": "test",
                            "single_end": false
                        },
                        "test_b0.nii.gz:md5,27e4aa847d60b2154d8865d19ba3e06e"
                    ]
                ],
                "1": [
                    "versions.yml:md5,58bfedf8b4d7f446804d34e20a41119a"
                ],
                "b0": [
                    [
                        {
                            "id": "test",
                            "single_end": false
                        },
                        "test_b0.nii.gz:md5,27e4aa847d60b2154d8865d19ba3e06e"
                    ]
                ],
                "versions": [
                    "versions.yml:md5,58bfedf8b4d7f446804d34e20a41119a"
                ]
            }
        ],
        "meta": {
            "nf-test": "0.8.4",
            "nextflow": "24.04.1"
        },
        "timestamp": "2024-05-22T18:17:50.167446"
    },
    "utils - extractb0 - allseries": {
        "content": [
            {
                "0": [
                    [
                        {
                            "id": "test",
                            "single_end": false
                        },
                        "test_b0.nii.gz:md5,2066111f2b964735a168d6c653ba1a8b"
                    ]
                ],
                "1": [
                    "versions.yml:md5,58bfedf8b4d7f446804d34e20a41119a"
                ],
                "b0": [
                    [
                        {
                            "id": "test",
                            "single_end": false
                        },
                        "test_b0.nii.gz:md5,2066111f2b964735a168d6c653ba1a8b"
                    ]
                ],
                "versions": [
                    "versions.yml:md5,58bfedf8b4d7f446804d34e20a41119a"
                ]
            }
        ],
        "meta": {
            "nf-test": "0.8.4",
            "nextflow": "24.04.1"
        },
        "timestamp": "2024-05-22T18:17:33.572637"
    }
}