{
    "denoising - mppca": {
        "content": [
            {
                "0": [
                    [
                        {
                            "id": "test",
                            "single_end": false
                        },
                        "test_dwi_denoised.nii.gz:md5,f0efe6163677a0e5aca9756125f55c16"
                    ]
                ],
                "1": [
                    "versions.yml:md5,fb589ae27eb3edb1cd1a50b0e13d2714"
                ],
                "image": [
                    [
                        {
                            "id": "test",
                            "single_end": false
                        },
                        "test_dwi_denoised.nii.gz:md5,f0efe6163677a0e5aca9756125f55c16"
                    ]
                ],
                "versions": [
                    "versions.yml:md5,fb589ae27eb3edb1cd1a50b0e13d2714"
                ]
            }
        ],
        "meta": {
            "nf-test": "0.9.0-rc1",
            "nextflow": "24.04.2"
        },
        "timestamp": "2024-07-27T01:45:10.310484"
    }
}