{
    "denoising - mppca": {
        "content": [
            {
                "0": [
                    [
                        {
                            "id": "test",
                            "single_end": false
                        },
                        "test_dwi_denoised.nii.gz:md5,c949b91d96513cba506975c271e53596"
                    ]
                ],
                "1": [
                    "versions.yml:md5,fb589ae27eb3edb1cd1a50b0e13d2714"
                ],
                "image": [
                    [
                        {
                            "id": "test",
                            "single_end": false
                        },
                        "test_dwi_denoised.nii.gz:md5,c949b91d96513cba506975c271e53596"
                    ]
                ],
                "versions": [
                    "versions.yml:md5,fb589ae27eb3edb1cd1a50b0e13d2714"
                ]
            }
        ],
        "meta": {
            "nf-test": "0.8.4",
            "nextflow": "23.10.1"
        },
        "timestamp": "2024-04-25T11:07:06.152814"
    }
}