{
    "load_bids - temp": {
        "content": [
            {
                "0": [
                    [
                        [
                            "result_complex_dwi_complex_rev_dwi.json:md5,8002324629222edb9217a77b27e60a34",
                            "result_complex_dwi_complex_rev_dwi_sbref.json:md5,720af6dfc6596814218a8e42d69b58c3",
                            "result_complex_dwi_complex_sbref.json:md5,60f3667851c3b6ed78f28a508a69341f",
                            "result_complex_dwi_epi.json:md5,60f3667851c3b6ed78f28a508a69341f",
                            "result_real_dwi_epi.json:md5,22adcf1437117b643cf292a82e7f7552",
                            "result_real_dwi_real_rev_dwi.json:md5,42cb893cc5185bb674a28a38f1e35a99",
                            "result_real_dwi_real_rev_dwi_sbref.json:md5,86343131de7e534024f0deb7697922c3",
                            "result_real_dwi_real_sbref.json:md5,22adcf1437117b643cf292a82e7f7552"
                        ]
                    ]
                ],
                "1": [
                    "versions.yml:md5,5ccf597dc693f9e49c46da8fa7f6c839"
                ],
                "test_data_directory": [
                    [
                        [
                            "result_complex_dwi_complex_rev_dwi.json:md5,8002324629222edb9217a77b27e60a34",
                            "result_complex_dwi_complex_rev_dwi_sbref.json:md5,720af6dfc6596814218a8e42d69b58c3",
                            "result_complex_dwi_complex_sbref.json:md5,60f3667851c3b6ed78f28a508a69341f",
                            "result_complex_dwi_epi.json:md5,60f3667851c3b6ed78f28a508a69341f",
                            "result_real_dwi_epi.json:md5,22adcf1437117b643cf292a82e7f7552",
                            "result_real_dwi_real_rev_dwi.json:md5,42cb893cc5185bb674a28a38f1e35a99",
                            "result_real_dwi_real_rev_dwi_sbref.json:md5,86343131de7e534024f0deb7697922c3",
                            "result_real_dwi_real_sbref.json:md5,22adcf1437117b643cf292a82e7f7552"
                        ]
                    ]
                ],
                "versions": [
                    "versions.yml:md5,5ccf597dc693f9e49c46da8fa7f6c839"
                ]
            }
        ],
        "meta": {
            "nf-test": "0.9.0-rc1",
            "nextflow": "24.04.2"
        },
        "timestamp": "2024-07-26T14:26:21.40363"
    },
    "load_bids - work": {
        "content": [
            {
                "0": [
                    [
                        [
                            "result_complex_dwi_complex_rev_dwi.json:md5,8002324629222edb9217a77b27e60a34",
                            "result_complex_dwi_complex_rev_dwi_sbref.json:md5,720af6dfc6596814218a8e42d69b58c3",
                            "result_complex_dwi_complex_sbref.json:md5,60f3667851c3b6ed78f28a508a69341f",
                            "result_complex_dwi_epi.json:md5,60f3667851c3b6ed78f28a508a69341f",
                            "result_real_dwi_epi.json:md5,22adcf1437117b643cf292a82e7f7552",
                            "result_real_dwi_real_rev_dwi.json:md5,42cb893cc5185bb674a28a38f1e35a99",
                            "result_real_dwi_real_rev_dwi_sbref.json:md5,86343131de7e534024f0deb7697922c3",
                            "result_real_dwi_real_sbref.json:md5,22adcf1437117b643cf292a82e7f7552"
                        ]
                    ]
                ],
                "1": [
                    "versions.yml:md5,5ccf597dc693f9e49c46da8fa7f6c839"
                ],
                "test_data_directory": [
                    [
                        [
                            "result_complex_dwi_complex_rev_dwi.json:md5,8002324629222edb9217a77b27e60a34",
                            "result_complex_dwi_complex_rev_dwi_sbref.json:md5,720af6dfc6596814218a8e42d69b58c3",
                            "result_complex_dwi_complex_sbref.json:md5,60f3667851c3b6ed78f28a508a69341f",
                            "result_complex_dwi_epi.json:md5,60f3667851c3b6ed78f28a508a69341f",
                            "result_real_dwi_epi.json:md5,22adcf1437117b643cf292a82e7f7552",
                            "result_real_dwi_real_rev_dwi.json:md5,42cb893cc5185bb674a28a38f1e35a99",
                            "result_real_dwi_real_rev_dwi_sbref.json:md5,86343131de7e534024f0deb7697922c3",
                            "result_real_dwi_real_sbref.json:md5,22adcf1437117b643cf292a82e7f7552"
                        ]
                    ]
                ],
                "versions": [
                    "versions.yml:md5,5ccf597dc693f9e49c46da8fa7f6c839"
                ]
            }
        ],
        "meta": {
            "nf-test": "0.9.0-rc1",
            "nextflow": "24.04.2"
        },
        "timestamp": "2024-07-26T14:26:28.259429"
    }
}