{
    "topup": {
        "content": [
            "test__corrected_b0s.nii.gz",
            "topup_results_fieldcoef.nii.gz",
            "topup_results_movpar.txt",
            "test__rev_b0_warped.nii.gz",
            [
                [
                    {
                        "id": "test",
                        "single_end": false
                    },
                    "test__rev_b0_mean.nii.gz:md5,a0c63d7a8a234d85eeb63045ae2a8f60"
                ]
            ],
            [
                [
                    {
                        "id": "test",
                        "single_end": false
                    },
                    "test__b0_mean.nii.gz:md5,f50e652bcdd1d45f7a4c592df7eb851a"
                ]
            ]
        ],
        "meta": {
            "nf-test": "0.8.4",
            "nextflow": "23.10.1"
        },
        "timestamp": "2024-04-29T15:40:07.558114"
    }
}