{
    "preproc_dwi_rev_dwi_nob0": {
        "content": [
            [
                [
                    {
                        "id": "test",
                        "single_end": false
                    },
                    "test__bval_eddy:md5,4c61c53078316c31b4d5daf446a3d6ac"
                ]
            ],
            [
                "versions.yml:md5,1662ab8cb093ea6d16798a8fa82639e1",
                "versions.yml:md5,55e94706d9e485c8a8c64ebb565bb013",
                "versions.yml:md5,5dce7a8c0b0d6b91ef7826f88c86370e",
                "versions.yml:md5,962f76092c8795ce5e6d768304e2d230",
                "versions.yml:md5,977c7cd0a14188f1dfeb0f69a819b79e",
                "versions.yml:md5,b4c068383da080f871c90828b1de0082",
                "versions.yml:md5,c7a4760b17ed27d9d4df828d3677acee",
                "versions.yml:md5,d3010f785c88ee5946806a8a758e7efb",
                "versions.yml:md5,ea1ce12c71e2655bfff08c00836416ec",
                "versions.yml:md5,f041502e22449973d84ac1c618e8ebf9",
                "versions.yml:md5,f8e51f2cdc7ca029d03c0c92b0f5cd73"
            ],
            "test_b0.nii.gz",
            "test__resampled.nii.gz",
            "test__dwi_eddy_corrected.bvec",
            "test__image_boundingBox.pkl",
            "test__image_n4.nii.gz",
            "test__resampled.nii.gz",
            "test__dwi_corrected.nii.gz"
        ],
        "meta": {
            "nf-test": "0.8.4",
            "nextflow": "23.10.1"
        },
        "timestamp": "2024-05-09T00:24:02.713347"
    },
    "preproc_dwi_rev_b0": {
        "content": [
            [
                [
                    {
                        "id": "test",
                        "single_end": false
                    },
                    "test__bval_eddy:md5,8192e97b08e8032382397bb844b31892"
                ]
            ],
            [
                "versions.yml:md5,55e94706d9e485c8a8c64ebb565bb013",
                "versions.yml:md5,5dce7a8c0b0d6b91ef7826f88c86370e",
                "versions.yml:md5,962f76092c8795ce5e6d768304e2d230",
                "versions.yml:md5,977c7cd0a14188f1dfeb0f69a819b79e",
                "versions.yml:md5,b4c068383da080f871c90828b1de0082",
                "versions.yml:md5,c7a4760b17ed27d9d4df828d3677acee",
                "versions.yml:md5,d3010f785c88ee5946806a8a758e7efb",
                "versions.yml:md5,ea1ce12c71e2655bfff08c00836416ec",
                "versions.yml:md5,f041502e22449973d84ac1c618e8ebf9",
                "versions.yml:md5,f8e51f2cdc7ca029d03c0c92b0f5cd73"
            ],
            "test_b0.nii.gz",
            "test__resampled.nii.gz",
            "test__dwi_eddy_corrected.bvec",
            "test__image_boundingBox.pkl",
            "test__image_n4.nii.gz",
            "test__resampled.nii.gz",
            "test__dwi_corrected.nii.gz"
        ],
        "meta": {
            "nf-test": "0.8.4",
            "nextflow": "23.10.1"
        },
        "timestamp": "2024-05-09T00:21:29.739709"
    },
    "preproc_dwi_all_options": {
        "content": [
            [
                [
                    {
                        "id": "test",
                        "single_end": false
                    },
                    "test__bval_eddy:md5,4c61c53078316c31b4d5daf446a3d6ac"
                ]
            ],
            [
                "versions.yml:md5,1662ab8cb093ea6d16798a8fa82639e1",
                "versions.yml:md5,55e94706d9e485c8a8c64ebb565bb013",
                "versions.yml:md5,5dce7a8c0b0d6b91ef7826f88c86370e",
                "versions.yml:md5,962f76092c8795ce5e6d768304e2d230",
                "versions.yml:md5,977c7cd0a14188f1dfeb0f69a819b79e",
                "versions.yml:md5,b4c068383da080f871c90828b1de0082",
                "versions.yml:md5,c7a4760b17ed27d9d4df828d3677acee",
                "versions.yml:md5,ea1ce12c71e2655bfff08c00836416ec",
                "versions.yml:md5,f041502e22449973d84ac1c618e8ebf9",
                "versions.yml:md5,f8e51f2cdc7ca029d03c0c92b0f5cd73"
            ],
            "test_b0.nii.gz",
            "test__resampled.nii.gz",
            "test__dwi_eddy_corrected.bvec",
            "test__image_boundingBox.pkl",
            "test__image_n4.nii.gz",
            "test__resampled.nii.gz",
            "test__dwi_corrected.nii.gz"
        ],
        "meta": {
            "nf-test": "0.8.4",
            "nextflow": "23.10.1"
        },
        "timestamp": "2024-05-09T00:26:35.407647"
    }
}