{
    "reconst - fodf_msmt": {
        "content": [
            "test__wm_fodf.nii.gz",
            "test__gm_fodf.nii.gz",
            "test__csf_fodf.nii.gz",
            "test__vf.nii.gz",
            "test__vf_rgb.nii.gz",
            "test__peaks.nii.gz",
            "test__peak_values.nii.gz",
            "test__peak_indices.nii.gz",
            "test__afd_max.nii.gz",
            "test__afd_total.nii.gz",
            "test__afd_sum.nii.gz",
            "test__nufo.nii.gz"
        ],
        "meta": {
            "nf-test": "0.8.4",
            "nextflow": "23.10.1"
        },
        "timestamp": "2024-05-07T17:04:27.988184"
    },
    "reconst - fodf": {
        "content": [
            {
                "0": [
                    [
                        {
                            "id": "test",
                            "single_end": false
                        },
                        "test__fodf.nii.gz:md5,c45f0391a462d358930809502dd2da15"
                    ]
                ],
                "1": [
                    
                ],
                "10": [
                    [
                        {
                            "id": "test",
                            "single_end": false
                        },
                        "test__afd_total.nii.gz:md5,9bac465d58b8662c3dce2c4937300a5a"
                    ]
                ],
                "11": [
                    [
                        {
                            "id": "test",
                            "single_end": false
                        },
                        "test__afd_sum.nii.gz:md5,532c63e6b97c40377626ff39f8abaf71"
                    ]
                ],
                "12": [
                    [
                        {
                            "id": "test",
                            "single_end": false
                        },
                        "test__nufo.nii.gz:md5,711f0ee8d01e71166099ffdf4c684b5f"
                    ]
                ],
                "13": [
                    
                ],
                "14": [
                    "versions.yml:md5,f80e57f2c24a4a1fd403de1d132ec6e7"
                ],
                "2": [
                    
                ],
                "3": [
                    
                ],
                "4": [
                    
                ],
                "5": [
                    
                ],
                "6": [
                    [
                        {
                            "id": "test",
                            "single_end": false
                        },
                        "test__peaks.nii.gz:md5,497c4fb8803b502c342fd07db10102e9"
                    ]
                ],
                "7": [
                    [
                        {
                            "id": "test",
                            "single_end": false
                        },
                        "test__peak_values.nii.gz:md5,b4cb97d711a49df9baa74bb38ce3b5e5"
                    ]
                ],
                "8": [
                    [
                        {
                            "id": "test",
                            "single_end": false
                        },
                        "test__peak_indices.nii.gz:md5,8f4d7c5e3604b660e5ea9b4e79099d45"
                    ]
                ],
                "9": [
                    [
                        {
                            "id": "test",
                            "single_end": false
                        },
                        "test__afd_max.nii.gz:md5,96b7a2dbab6306ca053b45bfad21be55"
                    ]
                ],
                "afd_max": [
                    [
                        {
                            "id": "test",
                            "single_end": false
                        },
                        "test__afd_max.nii.gz:md5,96b7a2dbab6306ca053b45bfad21be55"
                    ]
                ],
                "afd_sum": [
                    [
                        {
                            "id": "test",
                            "single_end": false
                        },
                        "test__afd_sum.nii.gz:md5,532c63e6b97c40377626ff39f8abaf71"
                    ]
                ],
                "afd_total": [
                    [
                        {
                            "id": "test",
                            "single_end": false
                        },
                        "test__afd_total.nii.gz:md5,9bac465d58b8662c3dce2c4937300a5a"
                    ]
                ],
                "csf_fodf": [
                    
                ],
                "fodf": [
                    [
                        {
                            "id": "test",
                            "single_end": false
                        },
                        "test__fodf.nii.gz:md5,c45f0391a462d358930809502dd2da15"
                    ]
                ],
                "gm_fodf": [
                    
                ],
                "nufo": [
                    [
                        {
                            "id": "test",
                            "single_end": false
                        },
                        "test__nufo.nii.gz:md5,711f0ee8d01e71166099ffdf4c684b5f"
                    ]
                ],
                "peak_indices": [
                    [
                        {
                            "id": "test",
                            "single_end": false
                        },
                        "test__peak_indices.nii.gz:md5,8f4d7c5e3604b660e5ea9b4e79099d45"
                    ]
                ],
                "peak_values": [
                    [
                        {
                            "id": "test",
                            "single_end": false
                        },
                        "test__peak_values.nii.gz:md5,b4cb97d711a49df9baa74bb38ce3b5e5"
                    ]
                ],
                "peaks": [
                    [
                        {
                            "id": "test",
                            "single_end": false
                        },
                        "test__peaks.nii.gz:md5,497c4fb8803b502c342fd07db10102e9"
                    ]
                ],
                "vent_mask": [
                    
                ],
                "versions": [
                    "versions.yml:md5,f80e57f2c24a4a1fd403de1d132ec6e7"
                ],
                "vf": [
                    
                ],
                "vf_rgb": [
                    
                ],
                "wm_fodf": [
                    
                ]
            }
        ],
        "meta": {
            "nf-test": "0.8.4",
            "nextflow": "24.04.1"
        },
        "timestamp": "2024-05-22T17:28:46.443146"
    },
    "reconst - fodf_no_metrics": {
        "content": [
            {
                "0": [
                    [
                        {
                            "id": "test",
                            "single_end": false
                        },
                        "test__fodf.nii.gz:md5,c45f0391a462d358930809502dd2da15"
                    ]
                ],
                "1": [
                    
                ],
                "10": [
                    
                ],
                "11": [
                    
                ],
                "12": [
                    
                ],
                "13": [
                    
                ],
                "14": [
                    "versions.yml:md5,f80e57f2c24a4a1fd403de1d132ec6e7"
                ],
                "2": [
                    
                ],
                "3": [
                    
                ],
                "4": [
                    
                ],
                "5": [
                    
                ],
                "6": [
                    
                ],
                "7": [
                    
                ],
                "8": [
                    
                ],
                "9": [
                    
                ],
                "afd_max": [
                    
                ],
                "afd_sum": [
                    
                ],
                "afd_total": [
                    
                ],
                "csf_fodf": [
                    
                ],
                "fodf": [
                    [
                        {
                            "id": "test",
                            "single_end": false
                        },
                        "test__fodf.nii.gz:md5,c45f0391a462d358930809502dd2da15"
                    ]
                ],
                "gm_fodf": [
                    
                ],
                "nufo": [
                    
                ],
                "peak_indices": [
                    
                ],
                "peak_values": [
                    
                ],
                "peaks": [
                    
                ],
                "vent_mask": [
                    
                ],
                "versions": [
                    "versions.yml:md5,f80e57f2c24a4a1fd403de1d132ec6e7"
                ],
                "vf": [
                    
                ],
                "vf_rgb": [
                    
                ],
                "wm_fodf": [
                    
                ]
            }
        ],
        "meta": {
            "nf-test": "0.8.4",
            "nextflow": "24.04.1"
        },
        "timestamp": "2024-05-22T17:32:19.095545"
    },
    "reconst - fodf_with_shells": {
        "content": [
            {
                "0": [
                    [
                        {
                            "id": "test",
                            "single_end": false
                        },
                        "test__fodf.nii.gz:md5,c45f0391a462d358930809502dd2da15"
                    ]
                ],
                "1": [
                    
                ],
                "10": [
                    [
                        {
                            "id": "test",
                            "single_end": false
                        },
                        "test__afd_total.nii.gz:md5,9bac465d58b8662c3dce2c4937300a5a"
                    ]
                ],
                "11": [
                    [
                        {
                            "id": "test",
                            "single_end": false
                        },
                        "test__afd_sum.nii.gz:md5,532c63e6b97c40377626ff39f8abaf71"
                    ]
                ],
                "12": [
                    [
                        {
                            "id": "test",
                            "single_end": false
                        },
                        "test__nufo.nii.gz:md5,711f0ee8d01e71166099ffdf4c684b5f"
                    ]
                ],
                "13": [
                    
                ],
                "14": [
                    "versions.yml:md5,f80e57f2c24a4a1fd403de1d132ec6e7"
                ],
                "2": [
                    
                ],
                "3": [
                    
                ],
                "4": [
                    
                ],
                "5": [
                    
                ],
                "6": [
                    [
                        {
                            "id": "test",
                            "single_end": false
                        },
                        "test__peaks.nii.gz:md5,497c4fb8803b502c342fd07db10102e9"
                    ]
                ],
                "7": [
                    [
                        {
                            "id": "test",
                            "single_end": false
                        },
                        "test__peak_values.nii.gz:md5,b4cb97d711a49df9baa74bb38ce3b5e5"
                    ]
                ],
                "8": [
                    [
                        {
                            "id": "test",
                            "single_end": false
                        },
                        "test__peak_indices.nii.gz:md5,8f4d7c5e3604b660e5ea9b4e79099d45"
                    ]
                ],
                "9": [
                    [
                        {
                            "id": "test",
                            "single_end": false
                        },
                        "test__afd_max.nii.gz:md5,96b7a2dbab6306ca053b45bfad21be55"
                    ]
                ],
                "afd_max": [
                    [
                        {
                            "id": "test",
                            "single_end": false
                        },
                        "test__afd_max.nii.gz:md5,96b7a2dbab6306ca053b45bfad21be55"
                    ]
                ],
                "afd_sum": [
                    [
                        {
                            "id": "test",
                            "single_end": false
                        },
                        "test__afd_sum.nii.gz:md5,532c63e6b97c40377626ff39f8abaf71"
                    ]
                ],
                "afd_total": [
                    [
                        {
                            "id": "test",
                            "single_end": false
                        },
                        "test__afd_total.nii.gz:md5,9bac465d58b8662c3dce2c4937300a5a"
                    ]
                ],
                "csf_fodf": [
                    
                ],
                "fodf": [
                    [
                        {
                            "id": "test",
                            "single_end": false
                        },
                        "test__fodf.nii.gz:md5,c45f0391a462d358930809502dd2da15"
                    ]
                ],
                "gm_fodf": [
                    
                ],
                "nufo": [
                    [
                        {
                            "id": "test",
                            "single_end": false
                        },
                        "test__nufo.nii.gz:md5,711f0ee8d01e71166099ffdf4c684b5f"
                    ]
                ],
                "peak_indices": [
                    [
                        {
                            "id": "test",
                            "single_end": false
                        },
                        "test__peak_indices.nii.gz:md5,8f4d7c5e3604b660e5ea9b4e79099d45"
                    ]
                ],
                "peak_values": [
                    [
                        {
                            "id": "test",
                            "single_end": false
                        },
                        "test__peak_values.nii.gz:md5,b4cb97d711a49df9baa74bb38ce3b5e5"
                    ]
                ],
                "peaks": [
                    [
                        {
                            "id": "test",
                            "single_end": false
                        },
                        "test__peaks.nii.gz:md5,497c4fb8803b502c342fd07db10102e9"
                    ]
                ],
                "vent_mask": [
                    
                ],
                "versions": [
                    "versions.yml:md5,f80e57f2c24a4a1fd403de1d132ec6e7"
                ],
                "vf": [
                    
                ],
                "vf_rgb": [
                    
                ],
                "wm_fodf": [
                    
                ]
            }
        ],
        "meta": {
            "nf-test": "0.8.4",
            "nextflow": "24.04.1"
        },
        "timestamp": "2024-05-22T17:29:49.146728"
    },
    "reconst - fodf_no_mask": {
        "content": [
            {
                "0": [
                    [
                        {
                            "id": "test",
                            "single_end": false
                        },
                        "test__fodf.nii.gz:md5,a5ed4e4738b6a2d8f495a7d509079557"
                    ]
                ],
                "1": [
                    
                ],
                "10": [
                    [
                        {
                            "id": "test",
                            "single_end": false
                        },
                        "test__afd_total.nii.gz:md5,713fae8f03e15434034c21dc647f4a20"
                    ]
                ],
                "11": [
                    [
                        {
                            "id": "test",
                            "single_end": false
                        },
                        "test__afd_sum.nii.gz:md5,c6b2f70a032bf6fbb09c165c96d408b9"
                    ]
                ],
                "12": [
                    [
                        {
                            "id": "test",
                            "single_end": false
                        },
                        "test__nufo.nii.gz:md5,0e58d2571878aa13882f858cb4e572ad"
                    ]
                ],
                "13": [
                    
                ],
                "14": [
                    "versions.yml:md5,f80e57f2c24a4a1fd403de1d132ec6e7"
                ],
                "2": [
                    
                ],
                "3": [
                    
                ],
                "4": [
                    
                ],
                "5": [
                    
                ],
                "6": [
                    [
                        {
                            "id": "test",
                            "single_end": false
                        },
                        "test__peaks.nii.gz:md5,51149b3e08fd2dd54bbe0404256ab700"
                    ]
                ],
                "7": [
                    [
                        {
                            "id": "test",
                            "single_end": false
                        },
                        "test__peak_values.nii.gz:md5,0296f9da7749263a5aa1a3469e05a8ea"
                    ]
                ],
                "8": [
                    [
                        {
                            "id": "test",
                            "single_end": false
                        },
                        "test__peak_indices.nii.gz:md5,049aca0ad4ba2bb2a72c4623dd7099eb"
                    ]
                ],
                "9": [
                    [
                        {
                            "id": "test",
                            "single_end": false
                        },
                        "test__afd_max.nii.gz:md5,db6d8bd847e08e2857173f572b46670a"
                    ]
                ],
                "afd_max": [
                    [
                        {
                            "id": "test",
                            "single_end": false
                        },
                        "test__afd_max.nii.gz:md5,db6d8bd847e08e2857173f572b46670a"
                    ]
                ],
                "afd_sum": [
                    [
                        {
                            "id": "test",
                            "single_end": false
                        },
                        "test__afd_sum.nii.gz:md5,c6b2f70a032bf6fbb09c165c96d408b9"
                    ]
                ],
                "afd_total": [
                    [
                        {
                            "id": "test",
                            "single_end": false
                        },
                        "test__afd_total.nii.gz:md5,713fae8f03e15434034c21dc647f4a20"
                    ]
                ],
                "csf_fodf": [
                    
                ],
                "fodf": [
                    [
                        {
                            "id": "test",
                            "single_end": false
                        },
                        "test__fodf.nii.gz:md5,a5ed4e4738b6a2d8f495a7d509079557"
                    ]
                ],
                "gm_fodf": [
                    
                ],
                "nufo": [
                    [
                        {
                            "id": "test",
                            "single_end": false
                        },
                        "test__nufo.nii.gz:md5,0e58d2571878aa13882f858cb4e572ad"
                    ]
                ],
                "peak_indices": [
                    [
                        {
                            "id": "test",
                            "single_end": false
                        },
                        "test__peak_indices.nii.gz:md5,049aca0ad4ba2bb2a72c4623dd7099eb"
                    ]
                ],
                "peak_values": [
                    [
                        {
                            "id": "test",
                            "single_end": false
                        },
                        "test__peak_values.nii.gz:md5,0296f9da7749263a5aa1a3469e05a8ea"
                    ]
                ],
                "peaks": [
                    [
                        {
                            "id": "test",
                            "single_end": false
                        },
                        "test__peaks.nii.gz:md5,51149b3e08fd2dd54bbe0404256ab700"
                    ]
                ],
                "vent_mask": [
                    
                ],
                "versions": [
                    "versions.yml:md5,f80e57f2c24a4a1fd403de1d132ec6e7"
                ],
                "vf": [
                    
                ],
                "vf_rgb": [
                    
                ],
                "wm_fodf": [
                    
                ]
            }
        ],
        "meta": {
            "nf-test": "0.8.4",
            "nextflow": "24.04.1"
        },
        "timestamp": "2024-05-22T17:31:13.135799"
    }
}