{
    "reconst - fodf_msmt": {
        "content": [
            "test__wm_fodf.nii.gz",
            "test__gm_fodf.nii.gz",
            "test__csf_fodf.nii.gz",
            "test__vf.nii.gz",
            "test__vf_rgb.nii.gz",
            "test__peaks.nii.gz",
            "test__peak_values.nii.gz",
            "test__peak_indices.nii.gz",
            "test__afd_max.nii.gz",
            "test__afd_total.nii.gz",
            "test__afd_sum.nii.gz",
            "test__nufo.nii.gz"
        ],
        "meta": {
            "nf-test": "0.8.4",
            "nextflow": "23.10.1"
        },
        "timestamp": "2024-05-07T17:04:27.988184"
    },
    "reconst - fodf": {
        "content": [
            {
                "0": [
                    [
                        {
                            "id": "test",
                            "single_end": false
                        },
                        "test__fodf.nii.gz:md5,c45f0391a462d358930809502dd2da15"
                    ]
                ],
                "1": [
                    
                ],
                "10": [
                    [
                        {
                            "id": "test",
                            "single_end": false
                        },
                        "test__afd_total.nii.gz:md5,9bac465d58b8662c3dce2c4937300a5a"
                    ]
                ],
                "11": [
                    [
                        {
                            "id": "test",
                            "single_end": false
                        },
                        "test__afd_sum.nii.gz:md5,c157f7035f70f620c1279e82fd7b23cd"
                    ]
                ],
                "12": [
                    [
                        {
                            "id": "test",
                            "single_end": false
                        },
                        "test__nufo.nii.gz:md5,711f0ee8d01e71166099ffdf4c684b5f"
                    ]
                ],
                "13": [
                    
                ],
                "14": [
                    "versions.yml:md5,8f5a73278d63aac3bf8073c5d0ef488b"
                ],
                "2": [
                    
                ],
                "3": [
                    
                ],
                "4": [
                    
                ],
                "5": [
                    
                ],
                "6": [
                    [
                        {
                            "id": "test",
                            "single_end": false
                        },
                        "test__peaks.nii.gz:md5,59ec2b2c468b2f3f6753ae62b5dbb8f2"
                    ]
                ],
                "7": [
                    [
                        {
                            "id": "test",
                            "single_end": false
                        },
                        "test__peak_values.nii.gz:md5,e19de818b90256fba505890ced8549bf"
                    ]
                ],
                "8": [
                    [
                        {
                            "id": "test",
                            "single_end": false
                        },
                        "test__peak_indices.nii.gz:md5,d7c6700bac6fda87def8eb50f6678807"
                    ]
                ],
                "9": [
                    [
                        {
                            "id": "test",
                            "single_end": false
                        },
                        "test__afd_max.nii.gz:md5,96b7a2dbab6306ca053b45bfad21be55"
                    ]
                ],
                "afd_max": [
                    [
                        {
                            "id": "test",
                            "single_end": false
                        },
                        "test__afd_max.nii.gz:md5,96b7a2dbab6306ca053b45bfad21be55"
                    ]
                ],
                "afd_sum": [
                    [
                        {
                            "id": "test",
                            "single_end": false
                        },
                        "test__afd_sum.nii.gz:md5,c157f7035f70f620c1279e82fd7b23cd"
                    ]
                ],
                "afd_total": [
                    [
                        {
                            "id": "test",
                            "single_end": false
                        },
                        "test__afd_total.nii.gz:md5,9bac465d58b8662c3dce2c4937300a5a"
                    ]
                ],
                "csf_fodf": [
                    
                ],
                "fodf": [
                    [
                        {
                            "id": "test",
                            "single_end": false
                        },
                        "test__fodf.nii.gz:md5,c45f0391a462d358930809502dd2da15"
                    ]
                ],
                "gm_fodf": [
                    
                ],
                "nufo": [
                    [
                        {
                            "id": "test",
                            "single_end": false
                        },
                        "test__nufo.nii.gz:md5,711f0ee8d01e71166099ffdf4c684b5f"
                    ]
                ],
                "peak_indices": [
                    [
                        {
                            "id": "test",
                            "single_end": false
                        },
                        "test__peak_indices.nii.gz:md5,d7c6700bac6fda87def8eb50f6678807"
                    ]
                ],
                "peak_values": [
                    [
                        {
                            "id": "test",
                            "single_end": false
                        },
                        "test__peak_values.nii.gz:md5,e19de818b90256fba505890ced8549bf"
                    ]
                ],
                "peaks": [
                    [
                        {
                            "id": "test",
                            "single_end": false
                        },
                        "test__peaks.nii.gz:md5,59ec2b2c468b2f3f6753ae62b5dbb8f2"
                    ]
                ],
                "vent_mask": [
                    
                ],
                "versions": [
                    "versions.yml:md5,8f5a73278d63aac3bf8073c5d0ef488b"
                ],
                "vf": [
                    
                ],
                "vf_rgb": [
                    
                ],
                "wm_fodf": [
                    
                ]
            }
        ],
        "meta": {
            "nf-test": "0.9.0-rc1",
            "nextflow": "24.04.2"
        },
        "timestamp": "2024-07-02T15:58:32.550496"
    },
    "reconst - fodf_no_metrics": {
        "content": [
            {
                "0": [
                    [
                        {
                            "id": "test",
                            "single_end": false
                        },
                        "test__fodf.nii.gz:md5,c45f0391a462d358930809502dd2da15"
                    ]
                ],
                "1": [
                    
                ],
                "10": [
                    
                ],
                "11": [
                    
                ],
                "12": [
                    
                ],
                "13": [
                    
                ],
                "14": [
                    "versions.yml:md5,8f5a73278d63aac3bf8073c5d0ef488b"
                ],
                "2": [
                    
                ],
                "3": [
                    
                ],
                "4": [
                    
                ],
                "5": [
                    
                ],
                "6": [
                    
                ],
                "7": [
                    
                ],
                "8": [
                    
                ],
                "9": [
                    
                ],
                "afd_max": [
                    
                ],
                "afd_sum": [
                    
                ],
                "afd_total": [
                    
                ],
                "csf_fodf": [
                    
                ],
                "fodf": [
                    [
                        {
                            "id": "test",
                            "single_end": false
                        },
                        "test__fodf.nii.gz:md5,c45f0391a462d358930809502dd2da15"
                    ]
                ],
                "gm_fodf": [
                    
                ],
                "nufo": [
                    
                ],
                "peak_indices": [
                    
                ],
                "peak_values": [
                    
                ],
                "peaks": [
                    
                ],
                "vent_mask": [
                    
                ],
                "versions": [
                    "versions.yml:md5,8f5a73278d63aac3bf8073c5d0ef488b"
                ],
                "vf": [
                    
                ],
                "vf_rgb": [
                    
                ],
                "wm_fodf": [
                    
                ]
            }
        ],
        "meta": {
            "nf-test": "0.8.4",
            "nextflow": "23.10.1"
        },
        "timestamp": "2024-05-01T20:22:29.171158"
    },
    "reconst - fodf_with_shells": {
        "content": [
            {
                "0": [
                    [
                        {
                            "id": "test",
                            "single_end": false
                        },
                        "test__fodf.nii.gz:md5,c45f0391a462d358930809502dd2da15"
                    ]
                ],
                "1": [
                    
                ],
                "10": [
                    [
                        {
                            "id": "test",
                            "single_end": false
                        },
                        "test__afd_total.nii.gz:md5,9bac465d58b8662c3dce2c4937300a5a"
                    ]
                ],
                "11": [
                    [
                        {
                            "id": "test",
                            "single_end": false
                        },
                        "test__afd_sum.nii.gz:md5,c157f7035f70f620c1279e82fd7b23cd"
                    ]
                ],
                "12": [
                    [
                        {
                            "id": "test",
                            "single_end": false
                        },
                        "test__nufo.nii.gz:md5,711f0ee8d01e71166099ffdf4c684b5f"
                    ]
                ],
                "13": [
                    
                ],
                "14": [
                    "versions.yml:md5,8f5a73278d63aac3bf8073c5d0ef488b"
                ],
                "2": [
                    
                ],
                "3": [
                    
                ],
                "4": [
                    
                ],
                "5": [
                    
                ],
                "6": [
                    [
                        {
                            "id": "test",
                            "single_end": false
                        },
                        "test__peaks.nii.gz:md5,59ec2b2c468b2f3f6753ae62b5dbb8f2"
                    ]
                ],
                "7": [
                    [
                        {
                            "id": "test",
                            "single_end": false
                        },
                        "test__peak_values.nii.gz:md5,e19de818b90256fba505890ced8549bf"
                    ]
                ],
                "8": [
                    [
                        {
                            "id": "test",
                            "single_end": false
                        },
                        "test__peak_indices.nii.gz:md5,d7c6700bac6fda87def8eb50f6678807"
                    ]
                ],
                "9": [
                    [
                        {
                            "id": "test",
                            "single_end": false
                        },
                        "test__afd_max.nii.gz:md5,96b7a2dbab6306ca053b45bfad21be55"
                    ]
                ],
                "afd_max": [
                    [
                        {
                            "id": "test",
                            "single_end": false
                        },
                        "test__afd_max.nii.gz:md5,96b7a2dbab6306ca053b45bfad21be55"
                    ]
                ],
                "afd_sum": [
                    [
                        {
                            "id": "test",
                            "single_end": false
                        },
                        "test__afd_sum.nii.gz:md5,c157f7035f70f620c1279e82fd7b23cd"
                    ]
                ],
                "afd_total": [
                    [
                        {
                            "id": "test",
                            "single_end": false
                        },
                        "test__afd_total.nii.gz:md5,9bac465d58b8662c3dce2c4937300a5a"
                    ]
                ],
                "csf_fodf": [
                    
                ],
                "fodf": [
                    [
                        {
                            "id": "test",
                            "single_end": false
                        },
                        "test__fodf.nii.gz:md5,c45f0391a462d358930809502dd2da15"
                    ]
                ],
                "gm_fodf": [
                    
                ],
                "nufo": [
                    [
                        {
                            "id": "test",
                            "single_end": false
                        },
                        "test__nufo.nii.gz:md5,711f0ee8d01e71166099ffdf4c684b5f"
                    ]
                ],
                "peak_indices": [
                    [
                        {
                            "id": "test",
                            "single_end": false
                        },
                        "test__peak_indices.nii.gz:md5,d7c6700bac6fda87def8eb50f6678807"
                    ]
                ],
                "peak_values": [
                    [
                        {
                            "id": "test",
                            "single_end": false
                        },
                        "test__peak_values.nii.gz:md5,e19de818b90256fba505890ced8549bf"
                    ]
                ],
                "peaks": [
                    [
                        {
                            "id": "test",
                            "single_end": false
                        },
                        "test__peaks.nii.gz:md5,59ec2b2c468b2f3f6753ae62b5dbb8f2"
                    ]
                ],
                "vent_mask": [
                    
                ],
                "versions": [
                    "versions.yml:md5,8f5a73278d63aac3bf8073c5d0ef488b"
                ],
                "vf": [
                    
                ],
                "vf_rgb": [
                    
                ],
                "wm_fodf": [
                    
                ]
            }
        ],
        "meta": {
            "nf-test": "0.9.0-rc1",
            "nextflow": "24.04.2"
        },
        "timestamp": "2024-07-02T15:59:12.448341"
    },
    "reconst - fodf_no_mask": {
        "content": [
            {
                "0": [
                    [
                        {
                            "id": "test",
                            "single_end": false
                        },
                        "test__fodf.nii.gz:md5,df34bdedf4f1a45b1ff5ebc5576aca0e"
                    ]
                ],
                "1": [
                    
                ],
                "10": [
                    [
                        {
                            "id": "test",
                            "single_end": false
                        },
                        "test__afd_total.nii.gz:md5,713fae8f03e15434034c21dc647f4a20"
                    ]
                ],
                "11": [
                    [
                        {
                            "id": "test",
                            "single_end": false
                        },
                        "test__afd_sum.nii.gz:md5,0f4ed1f239d6a07e7aecec2cd2d052d0"
                    ]
                ],
                "12": [
                    [
                        {
                            "id": "test",
                            "single_end": false
                        },
                        "test__nufo.nii.gz:md5,0e58d2571878aa13882f858cb4e572ad"
                    ]
                ],
                "13": [
                    
                ],
                "14": [
                    "versions.yml:md5,8f5a73278d63aac3bf8073c5d0ef488b"
                ],
                "2": [
                    
                ],
                "3": [
                    
                ],
                "4": [
                    
                ],
                "5": [
                    
                ],
                "6": [
                    [
                        {
                            "id": "test",
                            "single_end": false
                        },
                        "test__peaks.nii.gz:md5,6f6311dff0ffcc065307a7f6478b339a"
                    ]
                ],
                "7": [
                    [
                        {
                            "id": "test",
                            "single_end": false
                        },
                        "test__peak_values.nii.gz:md5,f89e6bfac8dd912f440e6662e7084c45"
                    ]
                ],
                "8": [
                    [
                        {
                            "id": "test",
                            "single_end": false
                        },
                        "test__peak_indices.nii.gz:md5,9754986bc00c7710cae79f63633448e3"
                    ]
                ],
                "9": [
                    [
                        {
                            "id": "test",
                            "single_end": false
                        },
                        "test__afd_max.nii.gz:md5,db6d8bd847e08e2857173f572b46670a"
                    ]
                ],
                "afd_max": [
                    [
                        {
                            "id": "test",
                            "single_end": false
                        },
                        "test__afd_max.nii.gz:md5,db6d8bd847e08e2857173f572b46670a"
                    ]
                ],
                "afd_sum": [
                    [
                        {
                            "id": "test",
                            "single_end": false
                        },
                        "test__afd_sum.nii.gz:md5,0f4ed1f239d6a07e7aecec2cd2d052d0"
                    ]
                ],
                "afd_total": [
                    [
                        {
                            "id": "test",
                            "single_end": false
                        },
                        "test__afd_total.nii.gz:md5,713fae8f03e15434034c21dc647f4a20"
                    ]
                ],
                "csf_fodf": [
                    
                ],
                "fodf": [
                    [
                        {
                            "id": "test",
                            "single_end": false
                        },
                        "test__fodf.nii.gz:md5,df34bdedf4f1a45b1ff5ebc5576aca0e"
                    ]
                ],
                "gm_fodf": [
                    
                ],
                "nufo": [
                    [
                        {
                            "id": "test",
                            "single_end": false
                        },
                        "test__nufo.nii.gz:md5,0e58d2571878aa13882f858cb4e572ad"
                    ]
                ],
                "peak_indices": [
                    [
                        {
                            "id": "test",
                            "single_end": false
                        },
                        "test__peak_indices.nii.gz:md5,9754986bc00c7710cae79f63633448e3"
                    ]
                ],
                "peak_values": [
                    [
                        {
                            "id": "test",
                            "single_end": false
                        },
                        "test__peak_values.nii.gz:md5,f89e6bfac8dd912f440e6662e7084c45"
                    ]
                ],
                "peaks": [
                    [
                        {
                            "id": "test",
                            "single_end": false
                        },
                        "test__peaks.nii.gz:md5,6f6311dff0ffcc065307a7f6478b339a"
                    ]
                ],
                "vent_mask": [
                    
                ],
                "versions": [
                    "versions.yml:md5,8f5a73278d63aac3bf8073c5d0ef488b"
                ],
                "vf": [
                    
                ],
                "vf_rgb": [
                    
                ],
                "wm_fodf": [
                    
                ]
            }
        ],
        "meta": {
            "nf-test": "0.9.0-rc1",
            "nextflow": "24.04.2"
        },
        "timestamp": "2024-07-02T16:01:03.515229"
    }
}