{
    "reconst - fodf_msmt": {
        "content": [
            "test__wm_fodf.nii.gz",
            "test__gm_fodf.nii.gz",
            "test__csf_fodf.nii.gz",
            "test__vf.nii.gz",
            "test__vf_rgb.nii.gz",
            "test__peaks.nii.gz",
            "test__peak_values.nii.gz",
            "test__peak_indices.nii.gz",
            "test__afd_max.nii.gz",
            "test__afd_total.nii.gz",
            "test__afd_sum.nii.gz",
            "test__nufo.nii.gz"
        ],
        "meta": {
            "nf-test": "0.8.4",
            "nextflow": "23.10.1"
        },
        "timestamp": "2024-05-07T17:04:27.988184"
    },
    "reconst - fodf": {
        "content": [
            {
                "0": [
                    [
                        {
                            "id": "test"
                        },
                        "test__fodf.nii.gz:md5,0d20f9140a2539acf04f227f4073362e"
                    ]
                ],
                "1": [
                    
                ],
                "10": [
                    [
                        {
                            "id": "test"
                        },
                        "test__afd_total.nii.gz:md5,6ff06ef83beac5f22225445de83bbc8a"
                    ]
                ],
                "11": [
                    [
                        {
                            "id": "test"
                        },
                        "test__afd_sum.nii.gz:md5,f7c7d9166379ca602c5cac74b138b55b"
                    ]
                ],
                "12": [
                    [
                        {
                            "id": "test"
                        },
                        "test__nufo.nii.gz:md5,58eb918b60b901004545dec762adef29"
                    ]
                ],
                "13": [
                    
                ],
                "14": [
                    "versions.yml:md5,8f5a73278d63aac3bf8073c5d0ef488b"
                ],
                "2": [
                    
                ],
                "3": [
                    
                ],
                "4": [
                    
                ],
                "5": [
                    
                ],
                "6": [
                    [
                        {
                            "id": "test"
                        },
                        "test__peaks.nii.gz:md5,79a741363af52b452b5a81a65ffa7966"
                    ]
                ],
                "7": [
                    [
                        {
                            "id": "test"
                        },
                        "test__peak_values.nii.gz:md5,ba52126234a08bfbab961e9beb669109"
                    ]
                ],
                "8": [
                    [
                        {
                            "id": "test"
                        },
                        "test__peak_indices.nii.gz:md5,b5cb1fafbf9169db3225d5881627f4e1"
                    ]
                ],
                "9": [
                    [
                        {
                            "id": "test"
                        },
                        "test__afd_max.nii.gz:md5,c24984313b5bbcec8010a77dd21b6270"
                    ]
                ],
                "afd_max": [
                    [
                        {
                            "id": "test"
                        },
                        "test__afd_max.nii.gz:md5,c24984313b5bbcec8010a77dd21b6270"
                    ]
                ],
                "afd_sum": [
                    [
                        {
                            "id": "test"
                        },
                        "test__afd_sum.nii.gz:md5,f7c7d9166379ca602c5cac74b138b55b"
                    ]
                ],
                "afd_total": [
                    [
                        {
                            "id": "test"
                        },
                        "test__afd_total.nii.gz:md5,6ff06ef83beac5f22225445de83bbc8a"
                    ]
                ],
                "csf_fodf": [
                    
                ],
                "fodf": [
                    [
                        {
                            "id": "test"
                        },
                        "test__fodf.nii.gz:md5,0d20f9140a2539acf04f227f4073362e"
                    ]
                ],
                "gm_fodf": [
                    
                ],
                "nufo": [
                    [
                        {
                            "id": "test"
                        },
                        "test__nufo.nii.gz:md5,58eb918b60b901004545dec762adef29"
                    ]
                ],
                "peak_indices": [
                    [
                        {
                            "id": "test"
                        },
                        "test__peak_indices.nii.gz:md5,b5cb1fafbf9169db3225d5881627f4e1"
                    ]
                ],
                "peak_values": [
                    [
                        {
                            "id": "test"
                        },
                        "test__peak_values.nii.gz:md5,ba52126234a08bfbab961e9beb669109"
                    ]
                ],
                "peaks": [
                    [
                        {
                            "id": "test"
                        },
                        "test__peaks.nii.gz:md5,79a741363af52b452b5a81a65ffa7966"
                    ]
                ],
                "vent_mask": [
                    
                ],
                "versions": [
                    "versions.yml:md5,8f5a73278d63aac3bf8073c5d0ef488b"
                ],
                "vf": [
                    
                ],
                "vf_rgb": [
                    
                ],
                "wm_fodf": [
                    
                ]
            }
        ],
        "meta": {
            "nf-test": "0.9.0-rc1",
            "nextflow": "24.04.2"
        },
        "timestamp": "2024-07-29T02:17:29.361083"
    },
    "reconst - fodf_no_metrics": {
        "content": [
            {
                "0": [
                    [
                        {
                            "id": "test"
                        },
                        "test__fodf.nii.gz:md5,0d20f9140a2539acf04f227f4073362e"
                    ]
                ],
                "1": [
                    
                ],
                "10": [
                    
                ],
                "11": [
                    
                ],
                "12": [
                    
                ],
                "13": [
                    
                ],
                "14": [
                    "versions.yml:md5,8f5a73278d63aac3bf8073c5d0ef488b"
                ],
                "2": [
                    
                ],
                "3": [
                    
                ],
                "4": [
                    
                ],
                "5": [
                    
                ],
                "6": [
                    
                ],
                "7": [
                    
                ],
                "8": [
                    
                ],
                "9": [
                    
                ],
                "afd_max": [
                    
                ],
                "afd_sum": [
                    
                ],
                "afd_total": [
                    
                ],
                "csf_fodf": [
                    
                ],
                "fodf": [
                    [
                        {
                            "id": "test"
                        },
                        "test__fodf.nii.gz:md5,0d20f9140a2539acf04f227f4073362e"
                    ]
                ],
                "gm_fodf": [
                    
                ],
                "nufo": [
                    
                ],
                "peak_indices": [
                    
                ],
                "peak_values": [
                    
                ],
                "peaks": [
                    
                ],
                "vent_mask": [
                    
                ],
                "versions": [
                    "versions.yml:md5,8f5a73278d63aac3bf8073c5d0ef488b"
                ],
                "vf": [
                    
                ],
                "vf_rgb": [
                    
                ],
                "wm_fodf": [
                    
                ]
            }
        ],
        "meta": {
            "nf-test": "0.9.0-rc1",
            "nextflow": "24.04.2"
        },
        "timestamp": "2024-07-29T02:18:27.122445"
    },
    "reconst - fodf_with_shells": {
        "content": [
            {
                "0": [
                    [
                        {
                            "id": "test"
                        },
                        "test__fodf.nii.gz:md5,33c18929909962041e292254c7c7a46d"
                    ]
                ],
                "1": [
                    
                ],
                "10": [
                    [
                        {
                            "id": "test"
                        },
                        "test__afd_total.nii.gz:md5,33ac1902cc57d8a6f814112456b85e13"
                    ]
                ],
                "11": [
                    [
                        {
                            "id": "test"
                        },
                        "test__afd_sum.nii.gz:md5,8f6d6fd11de99e36f8c3398690275fa9"
                    ]
                ],
                "12": [
                    [
                        {
                            "id": "test"
                        },
                        "test__nufo.nii.gz:md5,ef1ea08ec44bc1a594e1e4fc040dfd90"
                    ]
                ],
                "13": [
                    
                ],
                "14": [
                    "versions.yml:md5,8f5a73278d63aac3bf8073c5d0ef488b"
                ],
                "2": [
                    
                ],
                "3": [
                    
                ],
                "4": [
                    
                ],
                "5": [
                    
                ],
                "6": [
                    [
                        {
                            "id": "test"
                        },
                        "test__peaks.nii.gz:md5,f067cca7d35379e288e0338869205e0d"
                    ]
                ],
                "7": [
                    [
                        {
                            "id": "test"
                        },
                        "test__peak_values.nii.gz:md5,c6df8d7296b891932205cdd2e886d377"
                    ]
                ],
                "8": [
                    [
                        {
                            "id": "test"
                        },
                        "test__peak_indices.nii.gz:md5,6fb7fcdf24c2871fff856511b6a50205"
                    ]
                ],
                "9": [
                    [
                        {
                            "id": "test"
                        },
                        "test__afd_max.nii.gz:md5,a1ab037d98f5b6ad40d82a8614609451"
                    ]
                ],
                "afd_max": [
                    [
                        {
                            "id": "test"
                        },
                        "test__afd_max.nii.gz:md5,a1ab037d98f5b6ad40d82a8614609451"
                    ]
                ],
                "afd_sum": [
                    [
                        {
                            "id": "test"
                        },
                        "test__afd_sum.nii.gz:md5,8f6d6fd11de99e36f8c3398690275fa9"
                    ]
                ],
                "afd_total": [
                    [
                        {
                            "id": "test"
                        },
                        "test__afd_total.nii.gz:md5,33ac1902cc57d8a6f814112456b85e13"
                    ]
                ],
                "csf_fodf": [
                    
                ],
                "fodf": [
                    [
                        {
                            "id": "test"
                        },
                        "test__fodf.nii.gz:md5,33c18929909962041e292254c7c7a46d"
                    ]
                ],
                "gm_fodf": [
                    
                ],
                "nufo": [
                    [
                        {
                            "id": "test"
                        },
                        "test__nufo.nii.gz:md5,ef1ea08ec44bc1a594e1e4fc040dfd90"
                    ]
                ],
                "peak_indices": [
                    [
                        {
                            "id": "test"
                        },
                        "test__peak_indices.nii.gz:md5,6fb7fcdf24c2871fff856511b6a50205"
                    ]
                ],
                "peak_values": [
                    [
                        {
                            "id": "test"
                        },
                        "test__peak_values.nii.gz:md5,c6df8d7296b891932205cdd2e886d377"
                    ]
                ],
                "peaks": [
                    [
                        {
                            "id": "test"
                        },
                        "test__peaks.nii.gz:md5,f067cca7d35379e288e0338869205e0d"
                    ]
                ],
                "vent_mask": [
                    
                ],
                "versions": [
                    "versions.yml:md5,8f5a73278d63aac3bf8073c5d0ef488b"
                ],
                "vf": [
                    
                ],
                "vf_rgb": [
                    
                ],
                "wm_fodf": [
                    
                ]
            }
        ],
        "meta": {
            "nf-test": "0.9.0-rc1",
            "nextflow": "24.04.2"
        },
        "timestamp": "2024-07-29T02:18:00.792815"
    },
    "reconst - fodf_no_mask": {
        "content": [
            {
                "0": [
                    [
                        {
                            "id": "test"
                        },
                        "test__fodf.nii.gz:md5,4ff8f1081dec638bb70fe3a12e823612"
                    ]
                ],
                "1": [
                    
                ],
                "10": [
                    [
                        {
                            "id": "test"
                        },
                        "test__afd_total.nii.gz:md5,01a6fc27716a79cb57e1faed7ff8297b"
                    ]
                ],
                "11": [
                    [
                        {
                            "id": "test"
                        },
                        "test__afd_sum.nii.gz:md5,51303ca849b1eb26b9ccd0922f33cc6a"
                    ]
                ],
                "12": [
                    [
                        {
                            "id": "test"
                        },
                        "test__nufo.nii.gz:md5,458bdae89a9918b2dfc13f154bde5e1b"
                    ]
                ],
                "13": [
                    
                ],
                "14": [
                    "versions.yml:md5,8f5a73278d63aac3bf8073c5d0ef488b"
                ],
                "2": [
                    
                ],
                "3": [
                    
                ],
                "4": [
                    
                ],
                "5": [
                    
                ],
                "6": [
                    [
                        {
                            "id": "test"
                        },
                        "test__peaks.nii.gz:md5,e306caaad31fb77e6a068f8122651aef"
                    ]
                ],
                "7": [
                    [
                        {
                            "id": "test"
                        },
                        "test__peak_values.nii.gz:md5,d65563027b11d49a0335856b924309f2"
                    ]
                ],
                "8": [
                    [
                        {
                            "id": "test"
                        },
                        "test__peak_indices.nii.gz:md5,44bb0df2cfac7efec9355b0533041f62"
                    ]
                ],
                "9": [
                    [
                        {
                            "id": "test"
                        },
                        "test__afd_max.nii.gz:md5,9dbb9a0ce187b41a2a102fa3d3ca8ab7"
                    ]
                ],
                "afd_max": [
                    [
                        {
                            "id": "test"
                        },
                        "test__afd_max.nii.gz:md5,9dbb9a0ce187b41a2a102fa3d3ca8ab7"
                    ]
                ],
                "afd_sum": [
                    [
                        {
                            "id": "test"
                        },
                        "test__afd_sum.nii.gz:md5,51303ca849b1eb26b9ccd0922f33cc6a"
                    ]
                ],
                "afd_total": [
                    [
                        {
                            "id": "test"
                        },
                        "test__afd_total.nii.gz:md5,01a6fc27716a79cb57e1faed7ff8297b"
                    ]
                ],
                "csf_fodf": [
                    
                ],
                "fodf": [
                    [
                        {
                            "id": "test"
                        },
                        "test__fodf.nii.gz:md5,4ff8f1081dec638bb70fe3a12e823612"
                    ]
                ],
                "gm_fodf": [
                    
                ],
                "nufo": [
                    [
                        {
                            "id": "test"
                        },
                        "test__nufo.nii.gz:md5,458bdae89a9918b2dfc13f154bde5e1b"
                    ]
                ],
                "peak_indices": [
                    [
                        {
                            "id": "test"
                        },
                        "test__peak_indices.nii.gz:md5,44bb0df2cfac7efec9355b0533041f62"
                    ]
                ],
                "peak_values": [
                    [
                        {
                            "id": "test"
                        },
                        "test__peak_values.nii.gz:md5,d65563027b11d49a0335856b924309f2"
                    ]
                ],
                "peaks": [
                    [
                        {
                            "id": "test"
                        },
                        "test__peaks.nii.gz:md5,e306caaad31fb77e6a068f8122651aef"
                    ]
                ],
                "vent_mask": [
                    
                ],
                "versions": [
                    "versions.yml:md5,8f5a73278d63aac3bf8073c5d0ef488b"
                ],
                "vf": [
                    
                ],
                "vf_rgb": [
                    
                ],
                "wm_fodf": [
                    
                ]
            }
        ],
        "meta": {
            "nf-test": "0.9.0-rc1",
            "nextflow": "24.04.2"
        },
        "timestamp": "2024-07-28T04:03:08.698843"
    }
}