{
    "registration - tractogram_bundles": {
        "content": [
            {
                "0": [
                    
                ],
                "1": [
                    
                ],
                "versions": [
                    
                ],
                "warped_tractogram": [
                    
                ]
            }
        ],
        "meta": {
            "nf-test": "0.9.0-rc1",
            "nextflow": "24.04.2"
        },
        "timestamp": "2024-06-20T16:23:33.723786"
    },
    "registration - tractogram": {
        "content": [
            {
                "0": [
                    [
                        {
                            "id": "test",
                            "single_end": false
                        },
                        "test__bundle_2_mni.trk:md5,824bcbf796cbce3e1c93e39d1c98dcf9"
                    ]
                ],
                "1": [
                    "versions.yml:md5,609469c08e60062eed7528276deddf5e"
                ],
                "versions": [
                    "versions.yml:md5,609469c08e60062eed7528276deddf5e"
                ],
                "warped_tractogram": [
                    [
                        {
                            "id": "test",
                            "single_end": false
                        },
                        "test__bundle_2_mni.trk:md5,824bcbf796cbce3e1c93e39d1c98dcf9"
                    ]
                ]
            }
        ],
        "meta": {
            "nf-test": "0.8.4",
            "nextflow": "23.10.1"
        },
        "timestamp": "2024-05-15T19:11:52.03634"
    }
}