{
    "segmentation - freesurferseg": {
        "content": [
            {
                "0": [
                    
                ],
                "1": [
                    
                ],
                "2": [
                    
                ],
                "3": [
                    
                ],
                "csf_mask": [
                    
                ],
                "gm_mask": [
                    
                ],
                "versions": [
                    
                ],
                "wm_mask": [
                    
                ]
            }
        ],
        "meta": {
            "nf-test": "0.8.4",
            "nextflow": "23.10.1"
        },
        "timestamp": "2024-05-01T16:30:26.111498"
    }
}