{
    "registration - easyreg": {
        "content": [
            {
                "0": [
                    
                ],
                "1": [
                    
                ],
                "2": [
                    
                ],
                "3": [
                    
                ],
                "4": [
                    
                ],
                "5": [
                    
                ],
                "6": [
                    
                ],
                "bak_field": [
                    
                ],
                "flo_reg": [
                    
                ],
                "flo_seg": [
                    
                ],
                "fwd_field": [
                    
                ],
                "ref_reg": [
                    
                ],
                "ref_seg": [
                    
                ],
                "versions": [
                    
                ]
            }
        ],
        "meta": {
            "nf-test": "0.9.0-rc1",
            "nextflow": "24.04.3"
        },
        "timestamp": "2024-07-12T20:08:25.376075"
    }
}