{
    "registration - synthregistration": {
        "content": [
            "test__output_warped.nii.gz",
            "test__deform_warp.nii.gz",
            "test__init_warp.lta"
        ],
        "meta": {
            "nf-test": "0.8.4",
            "nextflow": "23.10.1"
        },
        "timestamp": "2024-06-05T19:55:15.170324"
    }
}