{
    "betcrop - fslbetcrop - dwi": {
        "content": [
            {
                "0": [
                    
                ],
                "1": [
                    
                ],
                "2": [
                    
                ],
                "3": [
                    
                ],
                "bbox": [
                    
                ],
                "image": [
                    
                ],
                "mask": [
                    
                ],
                "versions": [
                    
                ]
            }
        ],
        "meta": {
            "nf-test": "0.8.4",
            "nextflow": "23.10.1"
        },
        "timestamp": "2024-04-24T15:30:21.733873"
    },
    "betcrop - fslbetcrop - t1": {
        "content": [
            {
                "0": [
                    
                ],
                "1": [
                    
                ],
                "2": [
                    
                ],
                "3": [
                    
                ],
                "bbox": [
                    
                ],
                "image": [
                    
                ],
                "mask": [
                    
                ],
                "versions": [
                    
                ]
            }
        ],
        "meta": {
            "nf-test": "0.8.4",
            "nextflow": "23.10.1"
        },
        "timestamp": "2024-04-24T15:30:37.485041"
    },
    "betcrop - fslbetcrop - t1 - dilate": {
        "content": [
            {
                "0": [
                    
                ],
                "1": [
                    
                ],
                "2": [
                    
                ],
                "3": [
                    
                ],
                "bbox": [
                    
                ],
                "image": [
                    
                ],
                "mask": [
                    
                ],
                "versions": [
                    
                ]
            }
        ],
        "meta": {
            "nf-test": "0.8.4",
            "nextflow": "23.10.1"
        },
        "timestamp": "2024-04-24T15:30:52.805155"
    }
}