{
    "tractoflow - REV B0": {
        "content": [
            {
                "0": [
                    [
                        {
                            "id": "test",
                            "single_end": false
                        },
                        "test_dwi_resampled.nii.gz:md5,fe1633fa125292bf05fa3f72664e0956",
                        "test__bval_eddy:md5,7995daabbd74fcf7c365a39a779f67e9",
                        "test__dwi_eddy_corrected.bvec:md5,209e0c8e5800cffdce1a06b9748d133d"
                    ]
                ],
                "1": [
                    [
                        {
                            "id": "test",
                            "single_end": false
                        },
                        "test_mask_resampled.nii.gz:md5,db4da2182f193c875f2d959e1b222ad1"
                    ]
                ],
                "10": [
                    [
                        {
                            "id": "test",
                            "single_end": false
                        },
                        "test__local_tracking.trk:md5,f2620ec93f574b55b71ebd7be036ed8b",
                        "test__local_tracking_config.json:md5,ff2a194e24c4eb1c8e994be029e03c6a"
                    ]
                ],
                "11": [
                    [
                        {
                            "id": "test",
                            "single_end": false
                        },
                        "test__pft_tracking.trk:md5,6001de533bb1335eec155f480b81a1be",
                        "test__pft_tracking_config.json:md5,1185d2d6919687f1b299eda667f6aa74"
                    ]
                ],
                "12": [
                    "versions.yml:md5,3a3c674e9221f19ed409a1890bc2eb39",
                    "versions.yml:md5,402c3604be37f571df13f983b1b5dd68",
                    "versions.yml:md5,689514aa26a4f84f83063f34c0e38190",
                    "versions.yml:md5,a3d1c964db9fa1079b738398a64219f7",
                    "versions.yml:md5,a986b4e17262e999e378666d281e9ef3",
                    "versions.yml:md5,aaab00d1fa7d070cc7ee67fd768416b8",
                    "versions.yml:md5,ad06aa4db03ace5de5712b3fa021bf89",
                    "versions.yml:md5,ba57313cd97586c885868a3aef7314a3",
                    "versions.yml:md5,d6c87a227ba82214dbafc880b2af4e8a",
                    "versions.yml:md5,fc6a2d3923b6ecd60b833ce5f09f8877"
                ],
                "2": [
                    [
                        {
                            "id": "test",
                            "single_end": false
                        },
                        "test__t1_warped.nii.gz:md5,d66a49cf2677670863493e0e0f9ec646"
                    ]
                ],
                "3": [
                    [
                        {
                            "id": "test",
                            "single_end": false
                        },
                        "test__output1Warp.nii.gz:md5,2387d68472dd2324335f6797feb64ceb",
                        "test__output0GenericAffine.mat:md5,812e708d6185c893f84326972f1fbb38",
                        "test__output0GenericAffine.mat:md5,812e708d6185c893f84326972f1fbb38",
                        "test__output1InverseWarp.nii.gz:md5,d44c7b3e88a46e89740d88b48437f839"
                    ]
                ],
                "4": [
                    [
                        {
                            "id": "test",
                            "single_end": false
                        },
                        "test__mask_wm.nii.gz:md5,b09846866983a7651b1b1bd79cb7297c",
                        "test__mask_gm.nii.gz:md5,13849fa2ed53e5e0c06dbe1f153fa7ac",
                        "test__mask_csf.nii.gz:md5,fc384dbe137d014f146b46b28078f029"
                    ]
                ],
                "5": [
                    
                ],
                "6": [
                    [
                        {
                            "id": "test",
                            "single_end": false
                        },
                        "test__tensor.nii.gz:md5,b7bcb68dc32900e5c812ec6189a1f94f"
                    ]
                ],
                "7": [
                    [
                        {
                            "id": "test",
                            "single_end": false
                        },
                        "test__ad.nii.gz:md5,e8a1b4f002daf97e45dc290c4dcf2492",
                        "test__rd.nii.gz:md5,1e3c61bc92e211d156d3fbcdc247ae00",
                        "test__md.nii.gz:md5,d72679cda1e925964bdc9be27fa3685a",
                        "test__fa.nii.gz:md5,9a06e5a37fda344e637c773e408ab720",
                        "test__ga.nii.gz:md5,ee545fe9cd38685f191381f92462527a",
                        "test__rgb.nii.gz:md5,e61698606adabce6fa95aed388165655",
                        "test__evecs_v1.nii.gz:md5,e600fca9915143c5c1dc252d20a4c3b5",
                        "test__evecs_v2.nii.gz:md5,765542d64f0d259d95d454ee3d4d9358",
                        "test__evecs_v3.nii.gz:md5,cbb35b4ac0dbe39fa585847a1630448f",
                        "test__evals_e1.nii.gz:md5,e8a1b4f002daf97e45dc290c4dcf2492",
                        "test__evals_e2.nii.gz:md5,4fbdadf345eacda17008b19d1bc94732",
                        "test__evals_e3.nii.gz:md5,906a9ad50cb25c530b8d2bef3480cac4",
                        "test__residual.nii.gz:md5,d2ae615dd84477f63485a8d89e679d7f",
                        "test__nonphysical.nii.gz:md5,b9d44001ac4c983344e1e55e60fdbac8",
                        "test__mode.nii.gz:md5,b5d07ecef283a8640413d389f0f790f1",
                        "test__norm.nii.gz:md5,f5ffd0cfaca75b2d6d1b4d5416ccb1e4"
                    ]
                ],
                "8": [
                    [
                        {
                            "id": "test",
                            "single_end": false
                        },
                        "test__frf.txt:md5,94357f0520544a6c7b82a3c9605a80b3",
                        [
                            
                        ],
                        [
                            
                        ]
                    ]
                ],
                "9": [
                    [
                        {
                            "id": "test",
                            "single_end": false
                        },
                        "test__fodf.nii.gz:md5,405ee57627aa837c16e3db46daacea43"
                    ]
                ],
                "brain_mask": [
                    [
                        {
                            "id": "test",
                            "single_end": false
                        },
                        "test_mask_resampled.nii.gz:md5,db4da2182f193c875f2d959e1b222ad1"
                    ]
                ],
                "dti_metrics": [
                    [
                        {
                            "id": "test",
                            "single_end": false
                        },
                        "test__ad.nii.gz:md5,e8a1b4f002daf97e45dc290c4dcf2492",
                        "test__rd.nii.gz:md5,1e3c61bc92e211d156d3fbcdc247ae00",
                        "test__md.nii.gz:md5,d72679cda1e925964bdc9be27fa3685a",
                        "test__fa.nii.gz:md5,9a06e5a37fda344e637c773e408ab720",
                        "test__ga.nii.gz:md5,ee545fe9cd38685f191381f92462527a",
                        "test__rgb.nii.gz:md5,e61698606adabce6fa95aed388165655",
                        "test__evecs_v1.nii.gz:md5,e600fca9915143c5c1dc252d20a4c3b5",
                        "test__evecs_v2.nii.gz:md5,765542d64f0d259d95d454ee3d4d9358",
                        "test__evecs_v3.nii.gz:md5,cbb35b4ac0dbe39fa585847a1630448f",
                        "test__evals_e1.nii.gz:md5,e8a1b4f002daf97e45dc290c4dcf2492",
                        "test__evals_e2.nii.gz:md5,4fbdadf345eacda17008b19d1bc94732",
                        "test__evals_e3.nii.gz:md5,906a9ad50cb25c530b8d2bef3480cac4",
                        "test__residual.nii.gz:md5,d2ae615dd84477f63485a8d89e679d7f",
                        "test__nonphysical.nii.gz:md5,b9d44001ac4c983344e1e55e60fdbac8",
                        "test__mode.nii.gz:md5,b5d07ecef283a8640413d389f0f790f1",
                        "test__norm.nii.gz:md5,f5ffd0cfaca75b2d6d1b4d5416ccb1e4"
                    ]
                ],
                "dti_tensor": [
                    [
                        {
                            "id": "test",
                            "single_end": false
                        },
                        "test__tensor.nii.gz:md5,b7bcb68dc32900e5c812ec6189a1f94f"
                    ]
                ],
                "dwi": [
                    [
                        {
                            "id": "test",
                            "single_end": false
                        },
                        "test_dwi_resampled.nii.gz:md5,fe1633fa125292bf05fa3f72664e0956",
                        "test__bval_eddy:md5,7995daabbd74fcf7c365a39a779f67e9",
                        "test__dwi_eddy_corrected.bvec:md5,209e0c8e5800cffdce1a06b9748d133d"
                    ]
                ],
                "fodf": [
                    [
                        {
                            "id": "test",
                            "single_end": false
                        },
                        "test__fodf.nii.gz:md5,405ee57627aa837c16e3db46daacea43"
                    ]
                ],
                "frf": [
                    [
                        {
                            "id": "test",
                            "single_end": false
                        },
                        "test__frf.txt:md5,94357f0520544a6c7b82a3c9605a80b3",
                        [
                            
                        ],
                        [
                            
                        ]
                    ]
                ],
                "local_tractogram": [
                    [
                        {
                            "id": "test",
                            "single_end": false
                        },
                        "test__local_tracking.trk:md5,f2620ec93f574b55b71ebd7be036ed8b",
                        "test__local_tracking_config.json:md5,ff2a194e24c4eb1c8e994be029e03c6a"
                    ]
                ],
                "pft_tractogram": [
                    [
                        {
                            "id": "test",
                            "single_end": false
                        },
                        "test__pft_tracking.trk:md5,6001de533bb1335eec155f480b81a1be",
                        "test__pft_tracking_config.json:md5,1185d2d6919687f1b299eda667f6aa74"
                    ]
                ],
                "t1": [
                    [
                        {
                            "id": "test",
                            "single_end": false
                        },
                        "test__t1_warped.nii.gz:md5,d66a49cf2677670863493e0e0f9ec646"
                    ]
                ],
                "t1_to_b0_transformations": [
                    [
                        {
                            "id": "test",
                            "single_end": false
                        },
                        "test__output1Warp.nii.gz:md5,2387d68472dd2324335f6797feb64ceb",
                        "test__output0GenericAffine.mat:md5,812e708d6185c893f84326972f1fbb38",
                        "test__output0GenericAffine.mat:md5,812e708d6185c893f84326972f1fbb38",
                        "test__output1InverseWarp.nii.gz:md5,d44c7b3e88a46e89740d88b48437f839"
                    ]
                ],
                "tissues_maps": [
                    
                ],
                "tissues_masks": [
                    [
                        {
                            "id": "test",
                            "single_end": false
                        },
                        "test__mask_wm.nii.gz:md5,b09846866983a7651b1b1bd79cb7297c",
                        "test__mask_gm.nii.gz:md5,13849fa2ed53e5e0c06dbe1f153fa7ac",
                        "test__mask_csf.nii.gz:md5,fc384dbe137d014f146b46b28078f029"
                    ]
                ],
                "versions": [
                    "versions.yml:md5,3a3c674e9221f19ed409a1890bc2eb39",
                    "versions.yml:md5,402c3604be37f571df13f983b1b5dd68",
                    "versions.yml:md5,689514aa26a4f84f83063f34c0e38190",
                    "versions.yml:md5,a3d1c964db9fa1079b738398a64219f7",
                    "versions.yml:md5,a986b4e17262e999e378666d281e9ef3",
                    "versions.yml:md5,aaab00d1fa7d070cc7ee67fd768416b8",
                    "versions.yml:md5,ad06aa4db03ace5de5712b3fa021bf89",
                    "versions.yml:md5,ba57313cd97586c885868a3aef7314a3",
                    "versions.yml:md5,d6c87a227ba82214dbafc880b2af4e8a",
                    "versions.yml:md5,fc6a2d3923b6ecd60b833ce5f09f8877"
                ]
            }
        ],
        "meta": {
            "nf-test": "0.9.0-rc1",
            "nextflow": "24.04.2"
        },
        "timestamp": "2024-07-29T04:11:59.683558"
    }
}