{
    "tractoflow - REV B0": {
        "content": [
            {
                "0": [
                    [
                        {
                            "id": "test",
                            "single_end": false
                        },
                        "test_dwi_resampled.nii.gz:md5,c9cbd6494df9e42abcdc7e5cfcbf828c",
                        "test__bval_eddy:md5,7995daabbd74fcf7c365a39a779f67e9",
                        "test__dwi_eddy_corrected.bvec:md5,b1c4e58303885b66d6b267aa13571f5b"
                    ]
                ],
                "1": [
                    [
                        {
                            "id": "test",
                            "single_end": false
                        },
                        "test_mask_resampled.nii.gz:md5,db4da2182f193c875f2d959e1b222ad1"
                    ]
                ],
                "10": [
                    
                ],
                "11": [
                    
                ],
                "12": [
                    "versions.yml:md5,689514aa26a4f84f83063f34c0e38190",
                    "versions.yml:md5,a3d1c964db9fa1079b738398a64219f7",
                    "versions.yml:md5,ad06aa4db03ace5de5712b3fa021bf89",
                    "versions.yml:md5,ba57313cd97586c885868a3aef7314a3",
                    "versions.yml:md5,fc6a2d3923b6ecd60b833ce5f09f8877"
                ],
                "2": [
                    [
                        {
                            "id": "test",
                            "single_end": false
                        },
                        "test__t1_warped.nii.gz:md5,7dd7bd555aafd6d6483e5e5509a6b6bc"
                    ]
                ],
                "3": [
                    [
                        {
                            "id": "test",
                            "single_end": false
                        },
                        "test__output1Warp.nii.gz:md5,b4c0e54d52f84719157f934bd1894d34",
                        "test__output0GenericAffine.mat:md5,bb393dcf47cb64695fccc3b989593e10",
                        "test__output0GenericAffine.mat:md5,bb393dcf47cb64695fccc3b989593e10",
                        "test__output1InverseWarp.nii.gz:md5,cda5cb395702d69d2515eb23d21d4337"
                    ]
                ],
                "4": [
                    
                ],
                "5": [
                    
                ],
                "6": [
                    [
                        {
                            "id": "test",
                            "single_end": false
                        },
                        "test__tensor.nii.gz:md5,70acf24a5221bb3035489cd0c6804754"
                    ]
                ],
                "7": [
                    [
                        {
                            "id": "test",
                            "single_end": false
                        },
                        "test__ad.nii.gz:md5,9b0a94a606b2f905cea541da14cc4b31",
                        "test__rd.nii.gz:md5,eafd81c8f57fe192d981c991303297b1",
                        "test__md.nii.gz:md5,04bd3997273a1469f9b847a61a5704f8",
                        "test__fa.nii.gz:md5,e99a8363a6bb7dbe786a176dccf3118c",
                        "test__ga.nii.gz:md5,798fb5e848824aa7808f59c6cf6ac5eb",
                        "test__rgb.nii.gz:md5,10eae95841a5d0e675f1d8c91a1dcc79",
                        "test__evecs_v1.nii.gz:md5,d1e2bf1db0f37886595ab0c1a6aeda20",
                        "test__evecs_v2.nii.gz:md5,2416618f6c952c0bf22fc66508a07b84",
                        "test__evecs_v3.nii.gz:md5,ef758b5da72652ea195a8a1be3836b20",
                        "test__evals_e1.nii.gz:md5,9b0a94a606b2f905cea541da14cc4b31",
                        "test__evals_e2.nii.gz:md5,a9dd902d19da24826e9719437be7779e",
                        "test__evals_e3.nii.gz:md5,6af6733f2bea6f93aefd5b7e11a446e5",
                        "test__residual.nii.gz:md5,ec5be059884f53d000e395c52781e2bb",
                        "test__nonphysical.nii.gz:md5,f4b5b404b0e5275fcb269f0e18d2d344",
                        "test__mode.nii.gz:md5,ccb386d99394a03f8648c949759d2e27",
                        "test__norm.nii.gz:md5,0abb675167529634edd35e3b576d1884"
                    ]
                ],
                "8": [
                    
                ],
                "9": [
                    
                ],
                "brain_mask": [
                    [
                        {
                            "id": "test",
                            "single_end": false
                        },
                        "test_mask_resampled.nii.gz:md5,db4da2182f193c875f2d959e1b222ad1"
                    ]
                ],
                "dti_metrics": [
                    [
                        {
                            "id": "test",
                            "single_end": false
                        },
                        "test__ad.nii.gz:md5,9b0a94a606b2f905cea541da14cc4b31",
                        "test__rd.nii.gz:md5,eafd81c8f57fe192d981c991303297b1",
                        "test__md.nii.gz:md5,04bd3997273a1469f9b847a61a5704f8",
                        "test__fa.nii.gz:md5,e99a8363a6bb7dbe786a176dccf3118c",
                        "test__ga.nii.gz:md5,798fb5e848824aa7808f59c6cf6ac5eb",
                        "test__rgb.nii.gz:md5,10eae95841a5d0e675f1d8c91a1dcc79",
                        "test__evecs_v1.nii.gz:md5,d1e2bf1db0f37886595ab0c1a6aeda20",
                        "test__evecs_v2.nii.gz:md5,2416618f6c952c0bf22fc66508a07b84",
                        "test__evecs_v3.nii.gz:md5,ef758b5da72652ea195a8a1be3836b20",
                        "test__evals_e1.nii.gz:md5,9b0a94a606b2f905cea541da14cc4b31",
                        "test__evals_e2.nii.gz:md5,a9dd902d19da24826e9719437be7779e",
                        "test__evals_e3.nii.gz:md5,6af6733f2bea6f93aefd5b7e11a446e5",
                        "test__residual.nii.gz:md5,ec5be059884f53d000e395c52781e2bb",
                        "test__nonphysical.nii.gz:md5,f4b5b404b0e5275fcb269f0e18d2d344",
                        "test__mode.nii.gz:md5,ccb386d99394a03f8648c949759d2e27",
                        "test__norm.nii.gz:md5,0abb675167529634edd35e3b576d1884"
                    ]
                ],
                "dti_tensor": [
                    [
                        {
                            "id": "test",
                            "single_end": false
                        },
                        "test__tensor.nii.gz:md5,70acf24a5221bb3035489cd0c6804754"
                    ]
                ],
                "dwi": [
                    [
                        {
                            "id": "test",
                            "single_end": false
                        },
                        "test_dwi_resampled.nii.gz:md5,c9cbd6494df9e42abcdc7e5cfcbf828c",
                        "test__bval_eddy:md5,7995daabbd74fcf7c365a39a779f67e9",
                        "test__dwi_eddy_corrected.bvec:md5,b1c4e58303885b66d6b267aa13571f5b"
                    ]
                ],
                "fodf": [
                    
                ],
                "frf": [
                    
                ],
                "local_tractogram": [
                    
                ],
                "pft_tractogram": [
                    
                ],
                "t1": [
                    [
                        {
                            "id": "test",
                            "single_end": false
                        },
                        "test__t1_warped.nii.gz:md5,7dd7bd555aafd6d6483e5e5509a6b6bc"
                    ]
                ],
                "t1_to_b0_transformations": [
                    [
                        {
                            "id": "test",
                            "single_end": false
                        },
                        "test__output1Warp.nii.gz:md5,b4c0e54d52f84719157f934bd1894d34",
                        "test__output0GenericAffine.mat:md5,bb393dcf47cb64695fccc3b989593e10",
                        "test__output0GenericAffine.mat:md5,bb393dcf47cb64695fccc3b989593e10",
                        "test__output1InverseWarp.nii.gz:md5,cda5cb395702d69d2515eb23d21d4337"
                    ]
                ],
                "tissues_maps": [
                    
                ],
                "tissues_masks": [
                    
                ],
                "versions": [
                    "versions.yml:md5,689514aa26a4f84f83063f34c0e38190",
                    "versions.yml:md5,a3d1c964db9fa1079b738398a64219f7",
                    "versions.yml:md5,ad06aa4db03ace5de5712b3fa021bf89",
                    "versions.yml:md5,ba57313cd97586c885868a3aef7314a3",
                    "versions.yml:md5,fc6a2d3923b6ecd60b833ce5f09f8877"
                ]
            }
        ],
        "meta": {
            "nf-test": "0.9.0-rc1",
            "nextflow": "24.04.2"
        },
        "timestamp": "2024-07-23T14:39:42.244333"
    }
}