{
    "denoising - nlmeans": {
        "content": [
            {
                "0": [
                    [
                        {
                            "id": "test"
                        },
                        "test_denoised.nii.gz:md5,4f679ca8c49a82ad566a814a819c6117"
                    ]
                ],
                "1": [
                    "versions.yml:md5,e5c9936e9d01b8503f706aecd0a39027"
                ],
                "image": [
                    [
                        {
                            "id": "test"
                        },
                        "test_denoised.nii.gz:md5,4f679ca8c49a82ad566a814a819c6117"
                    ]
                ],
                "versions": [
                    "versions.yml:md5,e5c9936e9d01b8503f706aecd0a39027"
                ]
            }
        ],
        "meta": {
            "nf-test": "0.9.0-rc1",
            "nextflow": "24.04.2"
        },
        "timestamp": "2024-07-29T03:10:22.120136"
    }
}