{
    "denoising - nlmeans": {
        "content": [
            {
                "0": [
                    [
                        {
                            "id": "test",
                            "single_end": false
                        },
                        "test_denoised.nii.gz:md5,4a4eaa8956682b97589682c62c3226e5"
                    ]
                ],
                "1": [
                    "versions.yml:md5,9336a0abe0f0c988b89f895943b0a153"
                ],
                "image": [
                    [
                        {
                            "id": "test",
                            "single_end": false
                        },
                        "test_denoised.nii.gz:md5,4a4eaa8956682b97589682c62c3226e5"
                    ]
                ],
                "versions": [
                    "versions.yml:md5,9336a0abe0f0c988b89f895943b0a153"
                ]
            }
        ],
        "meta": {
            "nf-test": "0.8.4",
            "nextflow": "24.04.1"
        },
        "timestamp": "2024-05-22T17:15:37.8914"
    },
    "denoising - nlmeans - withmask": {
        "content": [
            {
                "0": [
                    [
                        {
                            "id": "test",
                            "single_end": false
                        },
                        "test_denoised.nii.gz:md5,a4925934f71fc40c2182e8c1d3bc6687"
                    ]
                ],
                "1": [
                    "versions.yml:md5,9336a0abe0f0c988b89f895943b0a153"
                ],
                "image": [
                    [
                        {
                            "id": "test",
                            "single_end": false
                        },
                        "test_denoised.nii.gz:md5,a4925934f71fc40c2182e8c1d3bc6687"
                    ]
                ],
                "versions": [
                    "versions.yml:md5,9336a0abe0f0c988b89f895943b0a153"
                ]
            }
        ],
        "meta": {
            "nf-test": "0.8.4",
            "nextflow": "24.04.1"
        },
        "timestamp": "2024-05-22T17:16:57.806097"
    }
}