{
    "denoising - nlmeans": {
        "content": [
            {
                "0": [
                    [
                        {
                            "id": "test",
                            "single_end": false
                        },
                        "test_denoised.nii.gz:md5,a22cff5c79101e8d2e19cf83c7e1d3df"
                    ]
                ],
                "1": [
                    "versions.yml:md5,e5c9936e9d01b8503f706aecd0a39027"
                ],
                "image": [
                    [
                        {
                            "id": "test",
                            "single_end": false
                        },
                        "test_denoised.nii.gz:md5,a22cff5c79101e8d2e19cf83c7e1d3df"
                    ]
                ],
                "versions": [
                    "versions.yml:md5,e5c9936e9d01b8503f706aecd0a39027"
                ]
            }
        ],
        "meta": {
            "nf-test": "0.9.0-rc1",
            "nextflow": "24.04.2"
        },
        "timestamp": "2024-07-27T02:12:39.397869"
    },
    "denoising - nlmeans - withmask": {
        "content": [
            {
                "0": [
                    [
                        {
                            "id": "test",
                            "single_end": false
                        },
                        "test_denoised.nii.gz:md5,b5c8b52c64427a2b7a6645ba085fa61a"
                    ]
                ],
                "1": [
                    "versions.yml:md5,e5c9936e9d01b8503f706aecd0a39027"
                ],
                "image": [
                    [
                        {
                            "id": "test",
                            "single_end": false
                        },
                        "test_denoised.nii.gz:md5,b5c8b52c64427a2b7a6645ba085fa61a"
                    ]
                ],
                "versions": [
                    "versions.yml:md5,e5c9936e9d01b8503f706aecd0a39027"
                ]
            }
        ],
        "meta": {
            "nf-test": "0.9.0-rc1",
            "nextflow": "24.04.2"
        },
        "timestamp": "2024-07-27T02:12:51.206297"
    }
}