{
    "reconst - freewater_no_mask": {
        "content": [
            {
                "0": [
                    
                ],
                "1": [
                    
                ],
                "2": [
                    
                ],
                "3": [
                    
                ],
                "4": [
                    
                ],
                "5": [
                    [
                        "A_001.npy:md5,11fe274731023f323146616ea5051c24",
                        "A_002.npy:md5,edc3da71ae9049a2bb768f3a9ce3b0d6",
                        "A_003.npy:md5,57324deb5eef1754ce5d5320bd4f44e2",
                        "A_004.npy:md5,074ff1605268308f029c0cfb1c9b2169",
                        "A_005.npy:md5,adca9ff0a85f38717fd6d771213d31d8",
                        "A_006.npy:md5,a59dafdf34e0135f20e22b185b017ff9",
                        "A_007.npy:md5,2d03444bae1b663f13b24cfb10b01bad",
                        "A_008.npy:md5,6a05008dbf09c6fb28481980a74bb356",
                        "A_009.npy:md5,1e083dab9c8253c4fb1ec1b60ef5d83f",
                        "A_010.npy:md5,3206fc1a74b43496d45c5e4c4bc30d5e",
                        "A_011.npy:md5,fdfafdc3d2d465a44988a54670d12c10"
                    ]
                ],
                "6": [
                    "versions.yml:md5,8c5d0f921a9f4a719aa37c7a45699960"
                ],
                "dir": [
                    
                ],
                "dwi_fw_corrected": [
                    
                ],
                "fibervolume": [
                    
                ],
                "fw": [
                    
                ],
                "kernels": [
                    [
                        "A_001.npy:md5,11fe274731023f323146616ea5051c24",
                        "A_002.npy:md5,edc3da71ae9049a2bb768f3a9ce3b0d6",
                        "A_003.npy:md5,57324deb5eef1754ce5d5320bd4f44e2",
                        "A_004.npy:md5,074ff1605268308f029c0cfb1c9b2169",
                        "A_005.npy:md5,adca9ff0a85f38717fd6d771213d31d8",
                        "A_006.npy:md5,a59dafdf34e0135f20e22b185b017ff9",
                        "A_007.npy:md5,2d03444bae1b663f13b24cfb10b01bad",
                        "A_008.npy:md5,6a05008dbf09c6fb28481980a74bb356",
                        "A_009.npy:md5,1e083dab9c8253c4fb1ec1b60ef5d83f",
                        "A_010.npy:md5,3206fc1a74b43496d45c5e4c4bc30d5e",
                        "A_011.npy:md5,fdfafdc3d2d465a44988a54670d12c10"
                    ]
                ],
                "nrmse": [
                    
                ],
                "versions": [
                    "versions.yml:md5,8c5d0f921a9f4a719aa37c7a45699960"
                ]
            }
        ],
        "meta": {
            "nf-test": "0.8.4",
            "nextflow": "24.04.1"
        },
        "timestamp": "2024-05-22T17:34:55.041758"
    },
    "reconst - freewater": {
        "content": [
            {
                "0": [
                    
                ],
                "1": [
                    
                ],
                "2": [
                    
                ],
                "3": [
                    
                ],
                "4": [
                    
                ],
                "5": [
                    [
                        "A_001.npy:md5,11fe274731023f323146616ea5051c24",
                        "A_002.npy:md5,edc3da71ae9049a2bb768f3a9ce3b0d6",
                        "A_003.npy:md5,57324deb5eef1754ce5d5320bd4f44e2",
                        "A_004.npy:md5,074ff1605268308f029c0cfb1c9b2169",
                        "A_005.npy:md5,adca9ff0a85f38717fd6d771213d31d8",
                        "A_006.npy:md5,a59dafdf34e0135f20e22b185b017ff9",
                        "A_007.npy:md5,2d03444bae1b663f13b24cfb10b01bad",
                        "A_008.npy:md5,6a05008dbf09c6fb28481980a74bb356",
                        "A_009.npy:md5,1e083dab9c8253c4fb1ec1b60ef5d83f",
                        "A_010.npy:md5,3206fc1a74b43496d45c5e4c4bc30d5e",
                        "A_011.npy:md5,fdfafdc3d2d465a44988a54670d12c10"
                    ]
                ],
                "6": [
                    "versions.yml:md5,8c5d0f921a9f4a719aa37c7a45699960"
                ],
                "dir": [
                    
                ],
                "dwi_fw_corrected": [
                    
                ],
                "fibervolume": [
                    
                ],
                "fw": [
                    
                ],
                "kernels": [
                    [
                        "A_001.npy:md5,11fe274731023f323146616ea5051c24",
                        "A_002.npy:md5,edc3da71ae9049a2bb768f3a9ce3b0d6",
                        "A_003.npy:md5,57324deb5eef1754ce5d5320bd4f44e2",
                        "A_004.npy:md5,074ff1605268308f029c0cfb1c9b2169",
                        "A_005.npy:md5,adca9ff0a85f38717fd6d771213d31d8",
                        "A_006.npy:md5,a59dafdf34e0135f20e22b185b017ff9",
                        "A_007.npy:md5,2d03444bae1b663f13b24cfb10b01bad",
                        "A_008.npy:md5,6a05008dbf09c6fb28481980a74bb356",
                        "A_009.npy:md5,1e083dab9c8253c4fb1ec1b60ef5d83f",
                        "A_010.npy:md5,3206fc1a74b43496d45c5e4c4bc30d5e",
                        "A_011.npy:md5,fdfafdc3d2d465a44988a54670d12c10"
                    ]
                ],
                "nrmse": [
                    
                ],
                "versions": [
                    "versions.yml:md5,8c5d0f921a9f4a719aa37c7a45699960"
                ]
            }
        ],
        "meta": {
            "nf-test": "0.8.4",
            "nextflow": "24.04.1"
        },
        "timestamp": "2024-05-22T17:34:44.701002"
    }
}